-- Found ament_cmake: 1.3.14 (/opt/ros/humble/share/ament_cmake/cmake)
-- Override CMake install command with custom implementation using symlinks instead of copying resources
-- Found ament_lint_auto: 0.12.15 (/opt/ros/humble/share/ament_lint_auto/cmake)
-- Added test 'lint_cmake' to check CMake code style
-- Added test 'xmllint' to check XML markup files
-- Configuring done
-- Generating done
-- Build files have been written to: /home/robot/word/build/warehouse_nav
-- Install configuration: ""
-- Execute custom install script
-- Symlinking: /home/robot/word/install/warehouse_nav/share/ament_index/resource_index/package_run_dependencies/warehouse_nav
-- Symlinking: /home/robot/word/install/warehouse_nav/share/ament_index/resource_index/parent_prefix_path/warehouse_nav
-- Symlinking: /home/robot/word/install/warehouse_nav/share/warehouse_nav/environment/ament_prefix_path.sh
-- Symlinking: /home/robot/word/install/warehouse_nav/share/warehouse_nav/environment/ament_prefix_path.dsv
-- Symlinking: /home/robot/word/install/warehouse_nav/share/warehouse_nav/environment/path.sh
-- Symlinking: /home/robot/word/install/warehouse_nav/share/warehouse_nav/environment/path.dsv
-- Symlinking: /home/robot/word/install/warehouse_nav/share/warehouse_nav/local_setup.bash
-- Symlinking: /home/robot/word/install/warehouse_nav/share/warehouse_nav/local_setup.sh
-- Symlinking: /home/robot/word/install/warehouse_nav/share/warehouse_nav/local_setup.zsh
-- Symlinking: /home/robot/word/install/warehouse_nav/share/warehouse_nav/local_setup.dsv
-- Symlinking: /home/robot/word/install/warehouse_nav/share/warehouse_nav/package.dsv
-- Symlinking: /home/robot/word/install/warehouse_nav/share/ament_index/resource_index/packages/warehouse_nav
-- Symlinking: /home/robot/word/install/warehouse_nav/share/warehouse_nav/cmake/warehouse_navConfig.cmake
-- Symlinking: /home/robot/word/install/warehouse_nav/share/warehouse_nav/cmake/warehouse_navConfig-version.cmake
-- Symlinking: /home/robot/word/install/warehouse_nav/share/warehouse_nav/package.xml
