[0.006s] Invoking command in '/home/robot/word/build/warehouse_nav': CMAKE_PREFIX_PATH=/opt/ros/humble /usr/bin/cmake /home/robot/word/src/warehouse_nav -DAMENT_CMAKE_SYMLINK_INSTALL=1 -DCMAKE_INSTALL_PREFIX=/home/robot/word/install/warehouse_nav
[0.017s] -- Found ament_cmake: 1.3.14 (/opt/ros/humble/share/ament_cmake/cmake)
[0.105s] -- Override CMake install command with custom implementation using symlinks instead of copying resources
[0.110s] -- Found ament_lint_auto: 0.12.15 (/opt/ros/humble/share/ament_lint_auto/cmake)
[0.159s] -- Added test 'lint_cmake' to check CMake code style
[0.160s] -- Added test 'xmllint' to check XML markup files
[0.161s] -- Configuring done
[0.167s] -- Generating done
[0.169s] -- Build files have been written to: /home/robot/word/build/warehouse_nav
[0.171s] Invoked command in '/home/robot/word/build/warehouse_nav' returned '0': CMAKE_PREFIX_PATH=/opt/ros/humble /usr/bin/cmake /home/robot/word/src/warehouse_nav -DAMENT_CMAKE_SYMLINK_INSTALL=1 -DCMAKE_INSTALL_PREFIX=/home/robot/word/install/warehouse_nav
[0.176s] Invoking command in '/home/robot/word/build/warehouse_nav': CMAKE_PREFIX_PATH=/opt/ros/humble /usr/bin/cmake --build /home/robot/word/build/warehouse_nav -- -j2 -l2
[0.211s] Invoked command in '/home/robot/word/build/warehouse_nav' returned '0': CMAKE_PREFIX_PATH=/opt/ros/humble /usr/bin/cmake --build /home/robot/word/build/warehouse_nav -- -j2 -l2
[0.212s] Invoking command in '/home/robot/word/build/warehouse_nav': CMAKE_PREFIX_PATH=/opt/ros/humble /usr/bin/cmake --install /home/robot/word/build/warehouse_nav
[0.221s] -- Install configuration: ""
[0.221s] -- Execute custom install script
[0.223s] -- Symlinking: /home/robot/word/install/warehouse_nav/share/ament_index/resource_index/package_run_dependencies/warehouse_nav
[0.232s] -- Symlinking: /home/robot/word/install/warehouse_nav/share/ament_index/resource_index/parent_prefix_path/warehouse_nav
[0.242s] -- Symlinking: /home/robot/word/install/warehouse_nav/share/warehouse_nav/environment/ament_prefix_path.sh
[0.249s] -- Symlinking: /home/robot/word/install/warehouse_nav/share/warehouse_nav/environment/ament_prefix_path.dsv
[0.257s] -- Symlinking: /home/robot/word/install/warehouse_nav/share/warehouse_nav/environment/path.sh
[0.267s] -- Symlinking: /home/robot/word/install/warehouse_nav/share/warehouse_nav/environment/path.dsv
[0.278s] -- Symlinking: /home/robot/word/install/warehouse_nav/share/warehouse_nav/local_setup.bash
[0.284s] -- Symlinking: /home/robot/word/install/warehouse_nav/share/warehouse_nav/local_setup.sh
[0.292s] -- Symlinking: /home/robot/word/install/warehouse_nav/share/warehouse_nav/local_setup.zsh
[0.298s] -- Symlinking: /home/robot/word/install/warehouse_nav/share/warehouse_nav/local_setup.dsv
[0.307s] -- Symlinking: /home/robot/word/install/warehouse_nav/share/warehouse_nav/package.dsv
[0.321s] -- Symlinking: /home/robot/word/install/warehouse_nav/share/ament_index/resource_index/packages/warehouse_nav
[0.327s] -- Symlinking: /home/robot/word/install/warehouse_nav/share/warehouse_nav/cmake/warehouse_navConfig.cmake
[0.339s] -- Symlinking: /home/robot/word/install/warehouse_nav/share/warehouse_nav/cmake/warehouse_navConfig-version.cmake
[0.347s] -- Symlinking: /home/robot/word/install/warehouse_nav/share/warehouse_nav/package.xml
[0.358s] Invoked command in '/home/robot/word/build/warehouse_nav' returned '0': CMAKE_PREFIX_PATH=/opt/ros/humble /usr/bin/cmake --install /home/robot/word/build/warehouse_nav
