[0.008s] Invoking command in '/home/robot/word/build/warehouse_nav': CMAKE_PREFIX_PATH=/opt/ros/humble /usr/bin/cmake /home/robot/word/src/warehouse_nav -DCMAKE_INSTALL_PREFIX=/home/robot/word/install/warehouse_nav
[0.054s] -- The C compiler identification is GNU 11.4.0
[0.091s] -- The CXX compiler identification is GNU 11.4.0
[0.096s] -- Detecting C compiler ABI info
[0.163s] -- Detecting C compiler ABI info - done
[0.167s] -- Check for working C compiler: /usr/bin/cc - skipped
[0.168s] -- Detecting C compile features
[0.170s] -- Detecting C compile features - done
[0.170s] -- Detecting CXX compiler ABI info
[0.239s] -- Detecting CXX compiler ABI info - done
[0.244s] -- Check for working CXX compiler: /usr/bin/c++ - skipped
[0.245s] -- Detecting CXX compile features
[0.245s] -- Detecting CXX compile features - done
[0.251s] -- Found ament_cmake: 1.3.14 (/opt/ros/humble/share/ament_cmake/cmake)
[0.351s] -- Found Python3: /usr/bin/python3 (found version "3.10.12") found components: Interpreter 
[0.410s] -- Found ament_lint_auto: 0.12.15 (/opt/ros/humble/share/ament_lint_auto/cmake)
[0.465s] -- Added test 'lint_cmake' to check CMake code style
[0.466s] -- Added test 'xmllint' to check XML markup files
[0.466s] -- Configuring done
[0.466s] -- Generating done
[0.466s] -- Build files have been written to: /home/robot/word/build/warehouse_nav
[0.470s] Invoked command in '/home/robot/word/build/warehouse_nav' returned '0': CMAKE_PREFIX_PATH=/opt/ros/humble /usr/bin/cmake /home/robot/word/src/warehouse_nav -DCMAKE_INSTALL_PREFIX=/home/robot/word/install/warehouse_nav
[0.471s] Invoking command in '/home/robot/word/build/warehouse_nav': CMAKE_PREFIX_PATH=/opt/ros/humble /usr/bin/cmake --build /home/robot/word/build/warehouse_nav -- -j2 -l2
[0.504s] Invoked command in '/home/robot/word/build/warehouse_nav' returned '0': CMAKE_PREFIX_PATH=/opt/ros/humble /usr/bin/cmake --build /home/robot/word/build/warehouse_nav -- -j2 -l2
[0.504s] Invoking command in '/home/robot/word/build/warehouse_nav': CMAKE_PREFIX_PATH=/opt/ros/humble /usr/bin/cmake --install /home/robot/word/build/warehouse_nav
[0.512s] -- Install configuration: ""
[0.512s] -- Installing: /home/robot/word/install/warehouse_nav/share/ament_index/resource_index/package_run_dependencies/warehouse_nav
[0.512s] -- Installing: /home/robot/word/install/warehouse_nav/share/ament_index/resource_index/parent_prefix_path/warehouse_nav
[0.513s] -- Installing: /home/robot/word/install/warehouse_nav/share/warehouse_nav/environment/ament_prefix_path.sh
[0.513s] -- Installing: /home/robot/word/install/warehouse_nav/share/warehouse_nav/environment/ament_prefix_path.dsv
[0.513s] -- Installing: /home/robot/word/install/warehouse_nav/share/warehouse_nav/environment/path.sh
[0.513s] -- Installing: /home/robot/word/install/warehouse_nav/share/warehouse_nav/environment/path.dsv
[0.513s] -- Installing: /home/robot/word/install/warehouse_nav/share/warehouse_nav/local_setup.bash
[0.513s] -- Installing: /home/robot/word/install/warehouse_nav/share/warehouse_nav/local_setup.sh
[0.513s] -- Installing: /home/robot/word/install/warehouse_nav/share/warehouse_nav/local_setup.zsh
[0.513s] -- Installing: /home/robot/word/install/warehouse_nav/share/warehouse_nav/local_setup.dsv
[0.513s] -- Installing: /home/robot/word/install/warehouse_nav/share/warehouse_nav/package.dsv
[0.514s] -- Installing: /home/robot/word/install/warehouse_nav/share/ament_index/resource_index/packages/warehouse_nav
[0.514s] -- Installing: /home/robot/word/install/warehouse_nav/share/warehouse_nav/cmake/warehouse_navConfig.cmake
[0.514s] -- Installing: /home/robot/word/install/warehouse_nav/share/warehouse_nav/cmake/warehouse_navConfig-version.cmake
[0.514s] -- Installing: /home/robot/word/install/warehouse_nav/share/warehouse_nav/package.xml
[0.517s] Invoked command in '/home/robot/word/build/warehouse_nav' returned '0': CMAKE_PREFIX_PATH=/opt/ros/humble /usr/bin/cmake --install /home/robot/word/build/warehouse_nav
