[0.011s] Invoking command in '/home/robot/word/build/warehouse_gazebo': CMAKE_PREFIX_PATH=/opt/ros/humble /usr/bin/cmake /home/robot/word/src/warehouse_gazebo -DCMAKE_INSTALL_PREFIX=/home/robot/word/install/warehouse_gazebo
[0.036s] -- Found ament_cmake: 1.3.14 (/opt/ros/humble/share/ament_cmake/cmake)
[0.137s] -- Override CMake install command with custom implementation using symlinks instead of copying resources
[0.168s] -- Found ament_lint_auto: 0.12.15 (/opt/ros/humble/share/ament_lint_auto/cmake)
[0.256s] -- Added test 'lint_cmake' to check CMake code style
[0.257s] -- Added test 'xmllint' to check XML markup files
[0.262s] -- Configuring done
[0.279s] -- Generating done
[0.282s] -- Build files have been written to: /home/robot/word/build/warehouse_gazebo
[0.286s] Invoked command in '/home/robot/word/build/warehouse_gazebo' returned '0': CMAKE_PREFIX_PATH=/opt/ros/humble /usr/bin/cmake /home/robot/word/src/warehouse_gazebo -DCMAKE_INSTALL_PREFIX=/home/robot/word/install/warehouse_gazebo
[0.290s] Invoking command in '/home/robot/word/build/warehouse_gazebo': CMAKE_PREFIX_PATH=/opt/ros/humble /usr/bin/cmake --build /home/robot/word/build/warehouse_gazebo -- -j2 -l2
[0.328s] Invoked command in '/home/robot/word/build/warehouse_gazebo' returned '0': CMAKE_PREFIX_PATH=/opt/ros/humble /usr/bin/cmake --build /home/robot/word/build/warehouse_gazebo -- -j2 -l2
[0.339s] Invoking command in '/home/robot/word/build/warehouse_gazebo': CMAKE_PREFIX_PATH=/opt/ros/humble /usr/bin/cmake --install /home/robot/word/build/warehouse_gazebo
[0.347s] -- Install configuration: ""
[0.348s] -- Execute custom install script
[0.349s] -- Up-to-date symlink: /home/robot/word/install/warehouse_gazebo/share/ament_index/resource_index/package_run_dependencies/warehouse_gazebo
[0.350s] -- Up-to-date symlink: /home/robot/word/install/warehouse_gazebo/share/ament_index/resource_index/parent_prefix_path/warehouse_gazebo
[0.351s] -- Up-to-date symlink: /home/robot/word/install/warehouse_gazebo/share/warehouse_gazebo/environment/ament_prefix_path.sh
[0.351s] -- Up-to-date symlink: /home/robot/word/install/warehouse_gazebo/share/warehouse_gazebo/environment/ament_prefix_path.dsv
[0.354s] -- Up-to-date symlink: /home/robot/word/install/warehouse_gazebo/share/warehouse_gazebo/environment/path.sh
[0.354s] -- Up-to-date symlink: /home/robot/word/install/warehouse_gazebo/share/warehouse_gazebo/environment/path.dsv
[0.354s] -- Up-to-date symlink: /home/robot/word/install/warehouse_gazebo/share/warehouse_gazebo/local_setup.bash
[0.354s] -- Up-to-date symlink: /home/robot/word/install/warehouse_gazebo/share/warehouse_gazebo/local_setup.sh
[0.354s] -- Up-to-date symlink: /home/robot/word/install/warehouse_gazebo/share/warehouse_gazebo/local_setup.zsh
[0.354s] -- Up-to-date symlink: /home/robot/word/install/warehouse_gazebo/share/warehouse_gazebo/local_setup.dsv
[0.354s] -- Symlinking: /home/robot/word/install/warehouse_gazebo/share/warehouse_gazebo/package.dsv
[0.363s] -- Up-to-date symlink: /home/robot/word/install/warehouse_gazebo/share/ament_index/resource_index/packages/warehouse_gazebo
[0.364s] -- Up-to-date symlink: /home/robot/word/install/warehouse_gazebo/share/warehouse_gazebo/cmake/warehouse_gazeboConfig.cmake
[0.365s] -- Up-to-date symlink: /home/robot/word/install/warehouse_gazebo/share/warehouse_gazebo/cmake/warehouse_gazeboConfig-version.cmake
[0.366s] -- Up-to-date symlink: /home/robot/word/install/warehouse_gazebo/share/warehouse_gazebo/package.xml
[0.366s] Invoked command in '/home/robot/word/build/warehouse_gazebo' returned '0': CMAKE_PREFIX_PATH=/opt/ros/humble /usr/bin/cmake --install /home/robot/word/build/warehouse_gazebo
