[0.169s] DEBUG:colcon:Command line arguments: ['/usr/bin/colcon', 'build', '--symlink-install']
[0.170s] DEBUG:colcon:Parsed command line arguments: Namespace(log_base=None, log_level=None, verb_name='build', build_base='build', install_base='install', merge_install=False, symlink_install=True, test_result_base=None, continue_on_error=False, executor='parallel', parallel_workers=2, event_handlers=None, ignore_user_meta=False, metas=['./colcon.meta'], base_paths=['.'], packages_ignore=None, packages_ignore_regex=None, paths=None, packages_up_to=None, packages_up_to_regex=None, packages_above=None, packages_above_and_dependencies=None, packages_above_depth=None, packages_select_by_dep=None, packages_skip_by_dep=None, packages_skip_up_to=None, packages_select_build_failed=False, packages_skip_build_finished=False, packages_select_test_failures=False, packages_skip_test_passed=False, packages_select=None, packages_skip=None, packages_select_regex=None, packages_skip_regex=None, packages_start=None, packages_end=None, allow_overriding=[], cmake_args=None, cmake_target=None, cmake_target_skip_unavailable=False, cmake_clean_cache=False, cmake_clean_first=False, cmake_force_configure=False, ament_cmake_args=None, catkin_cmake_args=None, catkin_skip_building_tests=False, verb_parser=<colcon_defaults.argument_parser.defaults.DefaultArgumentsDecorator object at 0x785f83733eb0>, verb_extension=<colcon_core.verb.build.BuildVerb object at 0x785f837335b0>, main=<bound method BuildVerb.main of <colcon_core.verb.build.BuildVerb object at 0x785f837335b0>>)
[0.428s] Level 1:colcon.colcon_core.package_discovery:discover_packages(colcon_meta) check parameters
[0.428s] Level 1:colcon.colcon_core.package_discovery:discover_packages(recursive) check parameters
[0.428s] Level 1:colcon.colcon_core.package_discovery:discover_packages(ignore) check parameters
[0.428s] Level 1:colcon.colcon_core.package_discovery:discover_packages(path) check parameters
[0.428s] Level 1:colcon.colcon_core.package_discovery:discover_packages(colcon_meta) discover
[0.428s] Level 1:colcon.colcon_core.package_discovery:discover_packages(recursive) discover
[0.428s] INFO:colcon.colcon_core.package_discovery:Crawling recursively for packages in '/home/robot/word'
[0.428s] Level 1:colcon.colcon_core.package_identification:_identify(.) by extensions ['ignore', 'ignore_ament_install']
[0.428s] Level 1:colcon.colcon_core.package_identification:_identify(.) by extension 'ignore'
[0.428s] Level 1:colcon.colcon_core.package_identification:_identify(.) by extension 'ignore_ament_install'
[0.429s] Level 1:colcon.colcon_core.package_identification:_identify(.) by extensions ['colcon_pkg']
[0.429s] Level 1:colcon.colcon_core.package_identification:_identify(.) by extension 'colcon_pkg'
[0.429s] Level 1:colcon.colcon_core.package_identification:_identify(.) by extensions ['colcon_meta']
[0.429s] Level 1:colcon.colcon_core.package_identification:_identify(.) by extension 'colcon_meta'
[0.429s] Level 1:colcon.colcon_core.package_identification:_identify(.) by extensions ['ros']
[0.429s] Level 1:colcon.colcon_core.package_identification:_identify(.) by extension 'ros'
[0.441s] Level 1:colcon.colcon_core.package_identification:_identify(.) by extensions ['cmake', 'python']
[0.441s] Level 1:colcon.colcon_core.package_identification:_identify(.) by extension 'cmake'
[0.441s] Level 1:colcon.colcon_core.package_identification:_identify(.) by extension 'python'
[0.441s] Level 1:colcon.colcon_core.package_identification:_identify(.) by extensions ['python_setup_py']
[0.441s] Level 1:colcon.colcon_core.package_identification:_identify(.) by extension 'python_setup_py'
[0.441s] Level 1:colcon.colcon_core.package_identification:_identify(build) by extensions ['ignore', 'ignore_ament_install']
[0.441s] Level 1:colcon.colcon_core.package_identification:_identify(build) by extension 'ignore'
[0.441s] Level 1:colcon.colcon_core.package_identification:_identify(build) ignored
[0.441s] Level 1:colcon.colcon_core.package_identification:_identify(install) by extensions ['ignore', 'ignore_ament_install']
[0.441s] Level 1:colcon.colcon_core.package_identification:_identify(install) by extension 'ignore'
[0.441s] Level 1:colcon.colcon_core.package_identification:_identify(install) ignored
[0.441s] Level 1:colcon.colcon_core.package_identification:_identify(log) by extensions ['ignore', 'ignore_ament_install']
[0.441s] Level 1:colcon.colcon_core.package_identification:_identify(log) by extension 'ignore'
[0.442s] Level 1:colcon.colcon_core.package_identification:_identify(log) ignored
[0.442s] Level 1:colcon.colcon_core.package_identification:_identify(src) by extensions ['ignore', 'ignore_ament_install']
[0.442s] Level 1:colcon.colcon_core.package_identification:_identify(src) by extension 'ignore'
[0.442s] Level 1:colcon.colcon_core.package_identification:_identify(src) by extension 'ignore_ament_install'
[0.442s] Level 1:colcon.colcon_core.package_identification:_identify(src) by extensions ['colcon_pkg']
[0.442s] Level 1:colcon.colcon_core.package_identification:_identify(src) by extension 'colcon_pkg'
[0.442s] Level 1:colcon.colcon_core.package_identification:_identify(src) by extensions ['colcon_meta']
[0.442s] Level 1:colcon.colcon_core.package_identification:_identify(src) by extension 'colcon_meta'
[0.442s] Level 1:colcon.colcon_core.package_identification:_identify(src) by extensions ['ros']
[0.442s] Level 1:colcon.colcon_core.package_identification:_identify(src) by extension 'ros'
[0.442s] Level 1:colcon.colcon_core.package_identification:_identify(src) by extensions ['cmake', 'python']
[0.442s] Level 1:colcon.colcon_core.package_identification:_identify(src) by extension 'cmake'
[0.442s] Level 1:colcon.colcon_core.package_identification:_identify(src) by extension 'python'
[0.442s] Level 1:colcon.colcon_core.package_identification:_identify(src) by extensions ['python_setup_py']
[0.442s] Level 1:colcon.colcon_core.package_identification:_identify(src) by extension 'python_setup_py'
[0.442s] Level 1:colcon.colcon_core.package_identification:_identify(src/warehourse_tasks) by extensions ['ignore', 'ignore_ament_install']
[0.442s] Level 1:colcon.colcon_core.package_identification:_identify(src/warehourse_tasks) by extension 'ignore'
[0.442s] Level 1:colcon.colcon_core.package_identification:_identify(src/warehourse_tasks) by extension 'ignore_ament_install'
[0.442s] Level 1:colcon.colcon_core.package_identification:_identify(src/warehourse_tasks) by extensions ['colcon_pkg']
[0.442s] Level 1:colcon.colcon_core.package_identification:_identify(src/warehourse_tasks) by extension 'colcon_pkg'
[0.442s] Level 1:colcon.colcon_core.package_identification:_identify(src/warehourse_tasks) by extensions ['colcon_meta']
[0.442s] Level 1:colcon.colcon_core.package_identification:_identify(src/warehourse_tasks) by extension 'colcon_meta'
[0.442s] Level 1:colcon.colcon_core.package_identification:_identify(src/warehourse_tasks) by extensions ['ros']
[0.442s] Level 1:colcon.colcon_core.package_identification:_identify(src/warehourse_tasks) by extension 'ros'
[0.445s] DEBUG:colcon.colcon_core.package_identification:Package 'src/warehourse_tasks' with type 'ros.ament_python' and name 'warehourse_tasks'
[0.445s] Level 1:colcon.colcon_core.package_identification:_identify(src/warehouse_bringup) by extensions ['ignore', 'ignore_ament_install']
[0.445s] Level 1:colcon.colcon_core.package_identification:_identify(src/warehouse_bringup) by extension 'ignore'
[0.445s] Level 1:colcon.colcon_core.package_identification:_identify(src/warehouse_bringup) by extension 'ignore_ament_install'
[0.445s] Level 1:colcon.colcon_core.package_identification:_identify(src/warehouse_bringup) by extensions ['colcon_pkg']
[0.445s] Level 1:colcon.colcon_core.package_identification:_identify(src/warehouse_bringup) by extension 'colcon_pkg'
[0.445s] Level 1:colcon.colcon_core.package_identification:_identify(src/warehouse_bringup) by extensions ['colcon_meta']
[0.445s] Level 1:colcon.colcon_core.package_identification:_identify(src/warehouse_bringup) by extension 'colcon_meta'
[0.445s] Level 1:colcon.colcon_core.package_identification:_identify(src/warehouse_bringup) by extensions ['ros']
[0.445s] Level 1:colcon.colcon_core.package_identification:_identify(src/warehouse_bringup) by extension 'ros'
[0.445s] DEBUG:colcon.colcon_core.package_identification:Package 'src/warehouse_bringup' with type 'ros.ament_python' and name 'warehouse_bringup'
[0.445s] Level 1:colcon.colcon_core.package_identification:_identify(src/warehouse_description) by extensions ['ignore', 'ignore_ament_install']
[0.446s] Level 1:colcon.colcon_core.package_identification:_identify(src/warehouse_description) by extension 'ignore'
[0.446s] Level 1:colcon.colcon_core.package_identification:_identify(src/warehouse_description) by extension 'ignore_ament_install'
[0.446s] Level 1:colcon.colcon_core.package_identification:_identify(src/warehouse_description) by extensions ['colcon_pkg']
[0.446s] Level 1:colcon.colcon_core.package_identification:_identify(src/warehouse_description) by extension 'colcon_pkg'
[0.446s] Level 1:colcon.colcon_core.package_identification:_identify(src/warehouse_description) by extensions ['colcon_meta']
[0.446s] Level 1:colcon.colcon_core.package_identification:_identify(src/warehouse_description) by extension 'colcon_meta'
[0.446s] Level 1:colcon.colcon_core.package_identification:_identify(src/warehouse_description) by extensions ['ros']
[0.446s] Level 1:colcon.colcon_core.package_identification:_identify(src/warehouse_description) by extension 'ros'
[0.446s] DEBUG:colcon.colcon_core.package_identification:Package 'src/warehouse_description' with type 'ros.ament_cmake' and name 'warehouse_description'
[0.447s] Level 1:colcon.colcon_core.package_identification:_identify(src/warehouse_gazebo) by extensions ['ignore', 'ignore_ament_install']
[0.447s] Level 1:colcon.colcon_core.package_identification:_identify(src/warehouse_gazebo) by extension 'ignore'
[0.447s] Level 1:colcon.colcon_core.package_identification:_identify(src/warehouse_gazebo) by extension 'ignore_ament_install'
[0.447s] Level 1:colcon.colcon_core.package_identification:_identify(src/warehouse_gazebo) by extensions ['colcon_pkg']
[0.447s] Level 1:colcon.colcon_core.package_identification:_identify(src/warehouse_gazebo) by extension 'colcon_pkg'
[0.447s] Level 1:colcon.colcon_core.package_identification:_identify(src/warehouse_gazebo) by extensions ['colcon_meta']
[0.447s] Level 1:colcon.colcon_core.package_identification:_identify(src/warehouse_gazebo) by extension 'colcon_meta'
[0.447s] Level 1:colcon.colcon_core.package_identification:_identify(src/warehouse_gazebo) by extensions ['ros']
[0.447s] Level 1:colcon.colcon_core.package_identification:_identify(src/warehouse_gazebo) by extension 'ros'
[0.447s] DEBUG:colcon.colcon_core.package_identification:Package 'src/warehouse_gazebo' with type 'ros.ament_cmake' and name 'warehouse_gazebo'
[0.448s] Level 1:colcon.colcon_core.package_identification:_identify(src/warehouse_nav) by extensions ['ignore', 'ignore_ament_install']
[0.448s] Level 1:colcon.colcon_core.package_identification:_identify(src/warehouse_nav) by extension 'ignore'
[0.448s] Level 1:colcon.colcon_core.package_identification:_identify(src/warehouse_nav) by extension 'ignore_ament_install'
[0.448s] Level 1:colcon.colcon_core.package_identification:_identify(src/warehouse_nav) by extensions ['colcon_pkg']
[0.448s] Level 1:colcon.colcon_core.package_identification:_identify(src/warehouse_nav) by extension 'colcon_pkg'
[0.448s] Level 1:colcon.colcon_core.package_identification:_identify(src/warehouse_nav) by extensions ['colcon_meta']
[0.448s] Level 1:colcon.colcon_core.package_identification:_identify(src/warehouse_nav) by extension 'colcon_meta'
[0.448s] Level 1:colcon.colcon_core.package_identification:_identify(src/warehouse_nav) by extensions ['ros']
[0.448s] Level 1:colcon.colcon_core.package_identification:_identify(src/warehouse_nav) by extension 'ros'
[0.448s] DEBUG:colcon.colcon_core.package_identification:Package 'src/warehouse_nav' with type 'ros.ament_cmake' and name 'warehouse_nav'
[0.448s] Level 1:colcon.colcon_core.package_discovery:discover_packages(recursive) using defaults
[0.448s] Level 1:colcon.colcon_core.package_discovery:discover_packages(ignore) discover
[0.448s] Level 1:colcon.colcon_core.package_discovery:discover_packages(ignore) using defaults
[0.448s] Level 1:colcon.colcon_core.package_discovery:discover_packages(path) discover
[0.448s] Level 1:colcon.colcon_core.package_discovery:discover_packages(path) using defaults
[0.485s] Level 1:colcon.colcon_core.package_discovery:discover_packages(prefix_path) check parameters
[0.485s] Level 1:colcon.colcon_core.package_discovery:discover_packages(prefix_path) discover
[0.489s] DEBUG:colcon.colcon_installed_package_information.package_discovery:Found 386 installed packages in /opt/ros/humble
[0.490s] Level 1:colcon.colcon_core.package_discovery:discover_packages(prefix_path) using defaults
[0.553s] Level 5:colcon.colcon_core.verb:set package 'warehourse_tasks' build argument 'cmake_args' from command line to 'None'
[0.553s] Level 5:colcon.colcon_core.verb:set package 'warehourse_tasks' build argument 'cmake_target' from command line to 'None'
[0.553s] Level 5:colcon.colcon_core.verb:set package 'warehourse_tasks' build argument 'cmake_target_skip_unavailable' from command line to 'False'
[0.554s] Level 5:colcon.colcon_core.verb:set package 'warehourse_tasks' build argument 'cmake_clean_cache' from command line to 'False'
[0.554s] Level 5:colcon.colcon_core.verb:set package 'warehourse_tasks' build argument 'cmake_clean_first' from command line to 'False'
[0.554s] Level 5:colcon.colcon_core.verb:set package 'warehourse_tasks' build argument 'cmake_force_configure' from command line to 'False'
[0.554s] Level 5:colcon.colcon_core.verb:set package 'warehourse_tasks' build argument 'ament_cmake_args' from command line to 'None'
[0.554s] Level 5:colcon.colcon_core.verb:set package 'warehourse_tasks' build argument 'catkin_cmake_args' from command line to 'None'
[0.554s] Level 5:colcon.colcon_core.verb:set package 'warehourse_tasks' build argument 'catkin_skip_building_tests' from command line to 'False'
[0.554s] DEBUG:colcon.colcon_core.verb:Building package 'warehourse_tasks' with the following arguments: {'ament_cmake_args': None, 'build_base': '/home/robot/word/build/warehourse_tasks', 'catkin_cmake_args': None, 'catkin_skip_building_tests': False, 'cmake_args': None, 'cmake_clean_cache': False, 'cmake_clean_first': False, 'cmake_force_configure': False, 'cmake_target': None, 'cmake_target_skip_unavailable': False, 'install_base': '/home/robot/word/install/warehourse_tasks', 'merge_install': False, 'path': '/home/robot/word/src/warehourse_tasks', 'symlink_install': True, 'test_result_base': None}
[0.554s] Level 5:colcon.colcon_core.verb:set package 'warehouse_bringup' build argument 'cmake_args' from command line to 'None'
[0.554s] Level 5:colcon.colcon_core.verb:set package 'warehouse_bringup' build argument 'cmake_target' from command line to 'None'
[0.554s] Level 5:colcon.colcon_core.verb:set package 'warehouse_bringup' build argument 'cmake_target_skip_unavailable' from command line to 'False'
[0.554s] Level 5:colcon.colcon_core.verb:set package 'warehouse_bringup' build argument 'cmake_clean_cache' from command line to 'False'
[0.554s] Level 5:colcon.colcon_core.verb:set package 'warehouse_bringup' build argument 'cmake_clean_first' from command line to 'False'
[0.554s] Level 5:colcon.colcon_core.verb:set package 'warehouse_bringup' build argument 'cmake_force_configure' from command line to 'False'
[0.554s] Level 5:colcon.colcon_core.verb:set package 'warehouse_bringup' build argument 'ament_cmake_args' from command line to 'None'
[0.554s] Level 5:colcon.colcon_core.verb:set package 'warehouse_bringup' build argument 'catkin_cmake_args' from command line to 'None'
[0.554s] Level 5:colcon.colcon_core.verb:set package 'warehouse_bringup' build argument 'catkin_skip_building_tests' from command line to 'False'
[0.554s] DEBUG:colcon.colcon_core.verb:Building package 'warehouse_bringup' with the following arguments: {'ament_cmake_args': None, 'build_base': '/home/robot/word/build/warehouse_bringup', 'catkin_cmake_args': None, 'catkin_skip_building_tests': False, 'cmake_args': None, 'cmake_clean_cache': False, 'cmake_clean_first': False, 'cmake_force_configure': False, 'cmake_target': None, 'cmake_target_skip_unavailable': False, 'install_base': '/home/robot/word/install/warehouse_bringup', 'merge_install': False, 'path': '/home/robot/word/src/warehouse_bringup', 'symlink_install': True, 'test_result_base': None}
[0.554s] Level 5:colcon.colcon_core.verb:set package 'warehouse_description' build argument 'cmake_args' from command line to 'None'
[0.554s] Level 5:colcon.colcon_core.verb:set package 'warehouse_description' build argument 'cmake_target' from command line to 'None'
[0.554s] Level 5:colcon.colcon_core.verb:set package 'warehouse_description' build argument 'cmake_target_skip_unavailable' from command line to 'False'
[0.554s] Level 5:colcon.colcon_core.verb:set package 'warehouse_description' build argument 'cmake_clean_cache' from command line to 'False'
[0.554s] Level 5:colcon.colcon_core.verb:set package 'warehouse_description' build argument 'cmake_clean_first' from command line to 'False'
[0.554s] Level 5:colcon.colcon_core.verb:set package 'warehouse_description' build argument 'cmake_force_configure' from command line to 'False'
[0.554s] Level 5:colcon.colcon_core.verb:set package 'warehouse_description' build argument 'ament_cmake_args' from command line to 'None'
[0.554s] Level 5:colcon.colcon_core.verb:set package 'warehouse_description' build argument 'catkin_cmake_args' from command line to 'None'
[0.554s] Level 5:colcon.colcon_core.verb:set package 'warehouse_description' build argument 'catkin_skip_building_tests' from command line to 'False'
[0.554s] DEBUG:colcon.colcon_core.verb:Building package 'warehouse_description' with the following arguments: {'ament_cmake_args': None, 'build_base': '/home/robot/word/build/warehouse_description', 'catkin_cmake_args': None, 'catkin_skip_building_tests': False, 'cmake_args': None, 'cmake_clean_cache': False, 'cmake_clean_first': False, 'cmake_force_configure': False, 'cmake_target': None, 'cmake_target_skip_unavailable': False, 'install_base': '/home/robot/word/install/warehouse_description', 'merge_install': False, 'path': '/home/robot/word/src/warehouse_description', 'symlink_install': True, 'test_result_base': None}
[0.555s] Level 5:colcon.colcon_core.verb:set package 'warehouse_gazebo' build argument 'cmake_args' from command line to 'None'
[0.555s] Level 5:colcon.colcon_core.verb:set package 'warehouse_gazebo' build argument 'cmake_target' from command line to 'None'
[0.555s] Level 5:colcon.colcon_core.verb:set package 'warehouse_gazebo' build argument 'cmake_target_skip_unavailable' from command line to 'False'
[0.555s] Level 5:colcon.colcon_core.verb:set package 'warehouse_gazebo' build argument 'cmake_clean_cache' from command line to 'False'
[0.555s] Level 5:colcon.colcon_core.verb:set package 'warehouse_gazebo' build argument 'cmake_clean_first' from command line to 'False'
[0.555s] Level 5:colcon.colcon_core.verb:set package 'warehouse_gazebo' build argument 'cmake_force_configure' from command line to 'False'
[0.555s] Level 5:colcon.colcon_core.verb:set package 'warehouse_gazebo' build argument 'ament_cmake_args' from command line to 'None'
[0.555s] Level 5:colcon.colcon_core.verb:set package 'warehouse_gazebo' build argument 'catkin_cmake_args' from command line to 'None'
[0.555s] Level 5:colcon.colcon_core.verb:set package 'warehouse_gazebo' build argument 'catkin_skip_building_tests' from command line to 'False'
[0.555s] DEBUG:colcon.colcon_core.verb:Building package 'warehouse_gazebo' with the following arguments: {'ament_cmake_args': None, 'build_base': '/home/robot/word/build/warehouse_gazebo', 'catkin_cmake_args': None, 'catkin_skip_building_tests': False, 'cmake_args': None, 'cmake_clean_cache': False, 'cmake_clean_first': False, 'cmake_force_configure': False, 'cmake_target': None, 'cmake_target_skip_unavailable': False, 'install_base': '/home/robot/word/install/warehouse_gazebo', 'merge_install': False, 'path': '/home/robot/word/src/warehouse_gazebo', 'symlink_install': True, 'test_result_base': None}
[0.555s] Level 5:colcon.colcon_core.verb:set package 'warehouse_nav' build argument 'cmake_args' from command line to 'None'
[0.555s] Level 5:colcon.colcon_core.verb:set package 'warehouse_nav' build argument 'cmake_target' from command line to 'None'
[0.555s] Level 5:colcon.colcon_core.verb:set package 'warehouse_nav' build argument 'cmake_target_skip_unavailable' from command line to 'False'
[0.555s] Level 5:colcon.colcon_core.verb:set package 'warehouse_nav' build argument 'cmake_clean_cache' from command line to 'False'
[0.555s] Level 5:colcon.colcon_core.verb:set package 'warehouse_nav' build argument 'cmake_clean_first' from command line to 'False'
[0.555s] Level 5:colcon.colcon_core.verb:set package 'warehouse_nav' build argument 'cmake_force_configure' from command line to 'False'
[0.555s] Level 5:colcon.colcon_core.verb:set package 'warehouse_nav' build argument 'ament_cmake_args' from command line to 'None'
[0.555s] Level 5:colcon.colcon_core.verb:set package 'warehouse_nav' build argument 'catkin_cmake_args' from command line to 'None'
[0.555s] Level 5:colcon.colcon_core.verb:set package 'warehouse_nav' build argument 'catkin_skip_building_tests' from command line to 'False'
[0.555s] DEBUG:colcon.colcon_core.verb:Building package 'warehouse_nav' with the following arguments: {'ament_cmake_args': None, 'build_base': '/home/robot/word/build/warehouse_nav', 'catkin_cmake_args': None, 'catkin_skip_building_tests': False, 'cmake_args': None, 'cmake_clean_cache': False, 'cmake_clean_first': False, 'cmake_force_configure': False, 'cmake_target': None, 'cmake_target_skip_unavailable': False, 'install_base': '/home/robot/word/install/warehouse_nav', 'merge_install': False, 'path': '/home/robot/word/src/warehouse_nav', 'symlink_install': True, 'test_result_base': None}
[0.555s] INFO:colcon.colcon_core.executor:Executing jobs using 'parallel' executor
[0.556s] DEBUG:colcon.colcon_parallel_executor.executor.parallel:run_until_complete
[0.557s] INFO:colcon.colcon_ros.task.ament_python.build:Building ROS package in '/home/robot/word/src/warehourse_tasks' with build type 'ament_python'
[0.557s] Level 1:colcon.colcon_core.shell:create_environment_hook('warehourse_tasks', 'ament_prefix_path')
[0.561s] INFO:colcon.colcon_core.plugin_system:Skipping extension 'colcon_core.shell.bat': Not used on non-Windows systems
[0.561s] INFO:colcon.colcon_core.shell:Creating environment hook '/home/robot/word/install/warehourse_tasks/share/warehourse_tasks/hook/ament_prefix_path.ps1'
[0.562s] INFO:colcon.colcon_core.shell:Creating environment descriptor '/home/robot/word/install/warehourse_tasks/share/warehourse_tasks/hook/ament_prefix_path.dsv'
[0.562s] INFO:colcon.colcon_core.shell:Creating environment hook '/home/robot/word/install/warehourse_tasks/share/warehourse_tasks/hook/ament_prefix_path.sh'
[0.563s] INFO:colcon.colcon_core.shell:Skip shell extension 'powershell' for command environment: Not usable outside of PowerShell
[0.563s] DEBUG:colcon.colcon_core.shell:Skip shell extension 'dsv' for command environment
[0.565s] INFO:colcon.colcon_ros.task.ament_python.build:Building ROS package in '/home/robot/word/src/warehouse_bringup' with build type 'ament_python'
[0.565s] Level 1:colcon.colcon_core.shell:create_environment_hook('warehouse_bringup', 'ament_prefix_path')
[0.566s] INFO:colcon.colcon_core.shell:Creating environment hook '/home/robot/word/install/warehouse_bringup/share/warehouse_bringup/hook/ament_prefix_path.ps1'
[0.566s] INFO:colcon.colcon_core.shell:Creating environment descriptor '/home/robot/word/install/warehouse_bringup/share/warehouse_bringup/hook/ament_prefix_path.dsv'
[0.566s] INFO:colcon.colcon_core.shell:Creating environment hook '/home/robot/word/install/warehouse_bringup/share/warehouse_bringup/hook/ament_prefix_path.sh'
[0.567s] INFO:colcon.colcon_core.shell:Skip shell extension 'powershell' for command environment: Not usable outside of PowerShell
[0.567s] DEBUG:colcon.colcon_core.shell:Skip shell extension 'dsv' for command environment
[0.713s] INFO:colcon.colcon_core.task.python.build:Building Python package in '/home/robot/word/src/warehourse_tasks'
[0.713s] INFO:colcon.colcon_core.shell:Skip shell extension 'powershell' for command environment: Not usable outside of PowerShell
[0.713s] DEBUG:colcon.colcon_core.shell:Skip shell extension 'dsv' for command environment
[0.858s] INFO:colcon.colcon_core.task.python.build:Building Python package in '/home/robot/word/src/warehouse_bringup'
[0.858s] INFO:colcon.colcon_core.shell:Skip shell extension 'powershell' for command environment: Not usable outside of PowerShell
[0.859s] DEBUG:colcon.colcon_core.shell:Skip shell extension 'dsv' for command environment
[1.179s] DEBUG:colcon.colcon_core.task.python.build:Available setuptools commands: egg_info, test, compile_catalog, sdist, bdist_egg, build_scripts, install_data, build_py, build_ext, alias, check, install_lib, build, bdist, install_scripts, clean, bdist_rpm, upload, dist_info, build_clib, install_egg_info, saveopts, extract_messages, setopt, update_catalog, install_headers, register, bdist_dumb, upload_docs, easy_install, rotate, symlink_data, develop, init_catalog, install
[1.181s] DEBUG:colcon.colcon_core.task.python.build:Available setuptools commands: egg_info, test, compile_catalog, sdist, bdist_egg, build_scripts, install_data, build_py, build_ext, alias, check, install_lib, build, bdist, install_scripts, clean, bdist_rpm, upload, dist_info, build_clib, install_egg_info, saveopts, extract_messages, setopt, update_catalog, install_headers, register, bdist_dumb, upload_docs, easy_install, rotate, symlink_data, develop, init_catalog, install
[1.345s] DEBUG:colcon.colcon_core.task.python.build:Available setuptools 'develop' options: --find-links, --always-copy, --no-find-links, --no-user-cfg, --prefix, --index-url, --site-dirs, --multi-version, --user, --verbose, --exclude-scripts, --record, --force-installation-into-system-dir, --optimize, --dry-run, --build-directory, --quiet, --allow-hosts, --upgrade, --script-dir, --version, --uninstall, --always-unzip, --egg-path, --no-deps, --zip-ok, --install-layout, --local-snapshots-ok, --help, --install-dir, --editable
[1.347s] DEBUG:colcon.colcon_core.event_handler.log_command:Invoking command in '/home/robot/word/build/warehourse_tasks': PYTHONPATH=/home/robot/word/build/warehourse_tasks/prefix_override:/usr/lib/python3/dist-packages/colcon_core/task/python/colcon_distutils_commands:/home/robot/word/install/warehourse_tasks/lib/python3.10/site-packages:${PYTHONPATH} /usr/bin/python3 -W ignore:setup.py install is deprecated -W ignore:easy_install command is deprecated setup.py develop --editable --build-directory /home/robot/word/build/warehourse_tasks/build --no-deps symlink_data
[1.358s] DEBUG:colcon.colcon_core.task.python.build:Available setuptools 'develop' options: --find-links, --always-copy, --no-find-links, --no-user-cfg, --prefix, --index-url, --site-dirs, --multi-version, --user, --verbose, --exclude-scripts, --record, --force-installation-into-system-dir, --optimize, --dry-run, --build-directory, --quiet, --allow-hosts, --upgrade, --script-dir, --version, --uninstall, --always-unzip, --egg-path, --no-deps, --zip-ok, --install-layout, --local-snapshots-ok, --help, --install-dir, --editable
[1.359s] DEBUG:colcon.colcon_core.task.python.build:While undoing a previous installation files outside the Python library path are being ignored: /home/robot/word/install/warehouse_bringup/share/ament_index/resource_index/packages/warehouse_bringup
[1.359s] DEBUG:colcon.colcon_core.task.python.build:While undoing a previous installation files outside the Python library path are being ignored: /home/robot/word/install/warehouse_bringup/share/warehouse_bringup/package.xml
[1.366s] DEBUG:colcon.colcon_core.event_handler.log_command:Invoking command in '/home/robot/word/build/warehouse_bringup': PYTHONPATH=/home/robot/word/build/warehouse_bringup/prefix_override:/usr/lib/python3/dist-packages/colcon_core/task/python/colcon_distutils_commands:/home/robot/word/install/warehouse_bringup/lib/python3.10/site-packages:${PYTHONPATH} /usr/bin/python3 -W ignore:setup.py install is deprecated -W ignore:easy_install command is deprecated setup.py develop --editable --build-directory /home/robot/word/build/warehouse_bringup/build --no-deps symlink_data --force
[1.627s] Level 1:colcon.colcon_core.shell:create_environment_hook('warehouse_bringup', 'pythonpath_develop')
[1.627s] DEBUG:colcon.colcon_core.event_handler.log_command:Invoked command in '/home/robot/word/build/warehouse_bringup' returned '0': PYTHONPATH=/home/robot/word/build/warehouse_bringup/prefix_override:/usr/lib/python3/dist-packages/colcon_core/task/python/colcon_distutils_commands:/home/robot/word/install/warehouse_bringup/lib/python3.10/site-packages:${PYTHONPATH} /usr/bin/python3 -W ignore:setup.py install is deprecated -W ignore:easy_install command is deprecated setup.py develop --editable --build-directory /home/robot/word/build/warehouse_bringup/build --no-deps symlink_data --force
[1.627s] INFO:colcon.colcon_core.shell:Creating environment hook '/home/robot/word/build/warehouse_bringup/share/warehouse_bringup/hook/pythonpath_develop.ps1'
[1.628s] INFO:colcon.colcon_core.shell:Creating environment descriptor '/home/robot/word/build/warehouse_bringup/share/warehouse_bringup/hook/pythonpath_develop.dsv'
[1.628s] INFO:colcon.colcon_core.shell:Creating environment hook '/home/robot/word/build/warehouse_bringup/share/warehouse_bringup/hook/pythonpath_develop.sh'
[1.634s] Level 1:colcon.colcon_core.environment:checking '/home/robot/word/install/warehouse_bringup' for CMake module files
[1.634s] Level 1:colcon.colcon_core.environment:checking '/home/robot/word/install/warehouse_bringup' for CMake config files
[1.635s] Level 1:colcon.colcon_core.environment:checking '/home/robot/word/install/warehouse_bringup/lib'
[1.635s] Level 1:colcon.colcon_core.environment:checking '/home/robot/word/install/warehouse_bringup/bin'
[1.635s] Level 1:colcon.colcon_core.environment:checking '/home/robot/word/install/warehouse_bringup/lib/pkgconfig/warehouse_bringup.pc'
[1.635s] Level 1:colcon.colcon_core.environment:checking '/home/robot/word/install/warehouse_bringup/lib/python3.10/site-packages'
[1.635s] Level 1:colcon.colcon_core.shell:create_environment_hook('warehouse_bringup', 'pythonpath')
[1.635s] INFO:colcon.colcon_core.shell:Creating environment hook '/home/robot/word/install/warehouse_bringup/share/warehouse_bringup/hook/pythonpath.ps1'
[1.636s] INFO:colcon.colcon_core.shell:Creating environment descriptor '/home/robot/word/install/warehouse_bringup/share/warehouse_bringup/hook/pythonpath.dsv'
[1.636s] INFO:colcon.colcon_core.shell:Creating environment hook '/home/robot/word/install/warehouse_bringup/share/warehouse_bringup/hook/pythonpath.sh'
[1.637s] Level 1:colcon.colcon_core.environment:checking '/home/robot/word/install/warehouse_bringup/bin'
[1.637s] Level 1:colcon.colcon_core.environment:create_environment_scripts_only(warehouse_bringup)
[1.637s] INFO:colcon.colcon_core.shell:Creating package script '/home/robot/word/install/warehouse_bringup/share/warehouse_bringup/package.ps1'
[1.639s] INFO:colcon.colcon_core.shell:Creating package descriptor '/home/robot/word/install/warehouse_bringup/share/warehouse_bringup/package.dsv'
[1.639s] INFO:colcon.colcon_core.shell:Creating package script '/home/robot/word/install/warehouse_bringup/share/warehouse_bringup/package.sh'
[1.640s] INFO:colcon.colcon_core.shell:Creating package script '/home/robot/word/install/warehouse_bringup/share/warehouse_bringup/package.bash'
[1.641s] INFO:colcon.colcon_core.shell:Creating package script '/home/robot/word/install/warehouse_bringup/share/warehouse_bringup/package.zsh'
[1.642s] Level 1:colcon.colcon_core.environment:create_file_with_runtime_dependencies(/home/robot/word/install/warehouse_bringup/share/colcon-core/packages/warehouse_bringup)
[1.642s] INFO:colcon.colcon_ros.task.ament_cmake.build:Building ROS package in '/home/robot/word/src/warehouse_description' with build type 'ament_cmake'
[1.642s] INFO:colcon.colcon_cmake.task.cmake.build:Building CMake package in '/home/robot/word/src/warehouse_description'
[1.643s] INFO:colcon.colcon_core.shell:Skip shell extension 'powershell' for command environment: Not usable outside of PowerShell
[1.643s] DEBUG:colcon.colcon_core.shell:Skip shell extension 'dsv' for command environment
[1.646s] Level 1:colcon.colcon_core.shell:create_environment_hook('warehourse_tasks', 'pythonpath_develop')
[1.646s] INFO:colcon.colcon_core.shell:Creating environment hook '/home/robot/word/build/warehourse_tasks/share/warehourse_tasks/hook/pythonpath_develop.ps1'
[1.646s] DEBUG:colcon.colcon_core.event_handler.log_command:Invoked command in '/home/robot/word/build/warehourse_tasks' returned '0': PYTHONPATH=/home/robot/word/build/warehourse_tasks/prefix_override:/usr/lib/python3/dist-packages/colcon_core/task/python/colcon_distutils_commands:/home/robot/word/install/warehourse_tasks/lib/python3.10/site-packages:${PYTHONPATH} /usr/bin/python3 -W ignore:setup.py install is deprecated -W ignore:easy_install command is deprecated setup.py develop --editable --build-directory /home/robot/word/build/warehourse_tasks/build --no-deps symlink_data
[1.648s] INFO:colcon.colcon_core.shell:Creating environment descriptor '/home/robot/word/build/warehourse_tasks/share/warehourse_tasks/hook/pythonpath_develop.dsv'
[1.648s] INFO:colcon.colcon_core.shell:Creating environment hook '/home/robot/word/build/warehourse_tasks/share/warehourse_tasks/hook/pythonpath_develop.sh'
[1.649s] Level 1:colcon.colcon_core.environment:checking '/home/robot/word/install/warehourse_tasks' for CMake module files
[1.649s] Level 1:colcon.colcon_core.environment:checking '/home/robot/word/install/warehourse_tasks' for CMake config files
[1.649s] Level 1:colcon.colcon_core.environment:checking '/home/robot/word/install/warehourse_tasks/lib'
[1.649s] Level 1:colcon.colcon_core.environment:checking '/home/robot/word/install/warehourse_tasks/bin'
[1.650s] Level 1:colcon.colcon_core.environment:checking '/home/robot/word/install/warehourse_tasks/lib/pkgconfig/warehourse_tasks.pc'
[1.650s] Level 1:colcon.colcon_core.environment:checking '/home/robot/word/install/warehourse_tasks/lib/python3.10/site-packages'
[1.650s] Level 1:colcon.colcon_core.shell:create_environment_hook('warehourse_tasks', 'pythonpath')
[1.650s] INFO:colcon.colcon_core.shell:Creating environment hook '/home/robot/word/install/warehourse_tasks/share/warehourse_tasks/hook/pythonpath.ps1'
[1.650s] INFO:colcon.colcon_core.shell:Creating environment descriptor '/home/robot/word/install/warehourse_tasks/share/warehourse_tasks/hook/pythonpath.dsv'
[1.650s] INFO:colcon.colcon_core.shell:Creating environment hook '/home/robot/word/install/warehourse_tasks/share/warehourse_tasks/hook/pythonpath.sh'
[1.651s] Level 1:colcon.colcon_core.environment:checking '/home/robot/word/install/warehourse_tasks/bin'
[1.651s] Level 1:colcon.colcon_core.environment:create_environment_scripts_only(warehourse_tasks)
[1.651s] INFO:colcon.colcon_core.shell:Creating package script '/home/robot/word/install/warehourse_tasks/share/warehourse_tasks/package.ps1'
[1.651s] INFO:colcon.colcon_core.shell:Creating package descriptor '/home/robot/word/install/warehourse_tasks/share/warehourse_tasks/package.dsv'
[1.652s] INFO:colcon.colcon_core.shell:Creating package script '/home/robot/word/install/warehourse_tasks/share/warehourse_tasks/package.sh'
[1.652s] INFO:colcon.colcon_core.shell:Creating package script '/home/robot/word/install/warehourse_tasks/share/warehourse_tasks/package.bash'
[1.652s] INFO:colcon.colcon_core.shell:Creating package script '/home/robot/word/install/warehourse_tasks/share/warehourse_tasks/package.zsh'
[1.652s] Level 1:colcon.colcon_core.environment:create_file_with_runtime_dependencies(/home/robot/word/install/warehourse_tasks/share/colcon-core/packages/warehourse_tasks)
[1.653s] INFO:colcon.colcon_ros.task.ament_cmake.build:Building ROS package in '/home/robot/word/src/warehouse_gazebo' with build type 'ament_cmake'
[1.653s] INFO:colcon.colcon_cmake.task.cmake.build:Building CMake package in '/home/robot/word/src/warehouse_gazebo'
[1.653s] INFO:colcon.colcon_core.shell:Skip shell extension 'powershell' for command environment: Not usable outside of PowerShell
[1.653s] DEBUG:colcon.colcon_core.shell:Skip shell extension 'dsv' for command environment
[1.661s] DEBUG:colcon.colcon_core.event_handler.log_command:Invoking command in '/home/robot/word/build/warehouse_description': CMAKE_PREFIX_PATH=/opt/ros/humble /usr/bin/cmake /home/robot/word/src/warehouse_description -DAMENT_CMAKE_SYMLINK_INSTALL=1 -DCMAKE_INSTALL_PREFIX=/home/robot/word/install/warehouse_description
[1.663s] DEBUG:colcon.colcon_core.event_handler.log_command:Invoking command in '/home/robot/word/build/warehouse_gazebo': CMAKE_PREFIX_PATH=/opt/ros/humble /usr/bin/cmake /home/robot/word/src/warehouse_gazebo -DAMENT_CMAKE_SYMLINK_INSTALL=1 -DCMAKE_INSTALL_PREFIX=/home/robot/word/install/warehouse_gazebo
[1.899s] DEBUG:colcon.colcon_core.event_handler.log_command:Invoked command in '/home/robot/word/build/warehouse_gazebo' returned '0': CMAKE_PREFIX_PATH=/opt/ros/humble /usr/bin/cmake /home/robot/word/src/warehouse_gazebo -DAMENT_CMAKE_SYMLINK_INSTALL=1 -DCMAKE_INSTALL_PREFIX=/home/robot/word/install/warehouse_gazebo
[1.899s] DEBUG:colcon.colcon_core.event_handler.log_command:Invoking command in '/home/robot/word/build/warehouse_gazebo': CMAKE_PREFIX_PATH=/opt/ros/humble /usr/bin/cmake --build /home/robot/word/build/warehouse_gazebo -- -j2 -l2
[1.936s] DEBUG:colcon.colcon_core.event_handler.log_command:Invoked command in '/home/robot/word/build/warehouse_gazebo' returned '0': CMAKE_PREFIX_PATH=/opt/ros/humble /usr/bin/cmake --build /home/robot/word/build/warehouse_gazebo -- -j2 -l2
[1.946s] DEBUG:colcon.colcon_core.event_handler.log_command:Invoking command in '/home/robot/word/build/warehouse_gazebo': CMAKE_PREFIX_PATH=/opt/ros/humble /usr/bin/cmake --install /home/robot/word/build/warehouse_gazebo
[2.075s] Level 1:colcon.colcon_core.environment:create_environment_scripts_only(warehouse_gazebo)
[2.076s] Level 1:colcon.colcon_core.environment:checking '/home/robot/word/install/warehouse_gazebo' for CMake module files
[2.076s] Level 1:colcon.colcon_core.environment:checking '/home/robot/word/install/warehouse_gazebo' for CMake config files
[2.077s] DEBUG:colcon.colcon_core.event_handler.log_command:Invoked command in '/home/robot/word/build/warehouse_gazebo' returned '0': CMAKE_PREFIX_PATH=/opt/ros/humble /usr/bin/cmake --install /home/robot/word/build/warehouse_gazebo
[2.077s] Level 1:colcon.colcon_core.shell:create_environment_hook('warehouse_gazebo', 'cmake_prefix_path')
[2.077s] INFO:colcon.colcon_core.shell:Creating environment hook '/home/robot/word/install/warehouse_gazebo/share/warehouse_gazebo/hook/cmake_prefix_path.ps1'
[2.078s] INFO:colcon.colcon_core.shell:Creating environment descriptor '/home/robot/word/install/warehouse_gazebo/share/warehouse_gazebo/hook/cmake_prefix_path.dsv'
[2.078s] INFO:colcon.colcon_core.shell:Creating environment hook '/home/robot/word/install/warehouse_gazebo/share/warehouse_gazebo/hook/cmake_prefix_path.sh'
[2.078s] Level 1:colcon.colcon_core.environment:checking '/home/robot/word/install/warehouse_gazebo/bin'
[2.078s] Level 1:colcon.colcon_core.environment:checking '/home/robot/word/install/warehouse_gazebo/lib/pkgconfig/warehouse_gazebo.pc'
[2.078s] Level 1:colcon.colcon_core.environment:checking '/home/robot/word/install/warehouse_gazebo/lib/python3.10/site-packages'
[2.079s] Level 1:colcon.colcon_core.environment:checking '/home/robot/word/install/warehouse_gazebo/bin'
[2.079s] INFO:colcon.colcon_core.shell:Creating package script '/home/robot/word/install/warehouse_gazebo/share/warehouse_gazebo/package.ps1'
[2.079s] INFO:colcon.colcon_core.shell:Creating package descriptor '/home/robot/word/install/warehouse_gazebo/share/warehouse_gazebo/package.dsv'
[2.080s] INFO:colcon.colcon_core.shell:Creating package script '/home/robot/word/install/warehouse_gazebo/share/warehouse_gazebo/package.sh'
[2.080s] INFO:colcon.colcon_core.shell:Creating package script '/home/robot/word/install/warehouse_gazebo/share/warehouse_gazebo/package.bash'
[2.080s] INFO:colcon.colcon_core.shell:Creating package script '/home/robot/word/install/warehouse_gazebo/share/warehouse_gazebo/package.zsh'
[2.081s] Level 1:colcon.colcon_core.environment:create_file_with_runtime_dependencies(/home/robot/word/install/warehouse_gazebo/share/colcon-core/packages/warehouse_gazebo)
[2.081s] Level 1:colcon.colcon_core.environment:create_environment_scripts_only(warehouse_gazebo)
[2.081s] Level 1:colcon.colcon_core.environment:checking '/home/robot/word/install/warehouse_gazebo' for CMake module files
[2.081s] Level 1:colcon.colcon_core.environment:checking '/home/robot/word/install/warehouse_gazebo' for CMake config files
[2.081s] Level 1:colcon.colcon_core.shell:create_environment_hook('warehouse_gazebo', 'cmake_prefix_path')
[2.081s] INFO:colcon.colcon_core.shell:Creating environment hook '/home/robot/word/install/warehouse_gazebo/share/warehouse_gazebo/hook/cmake_prefix_path.ps1'
[2.082s] INFO:colcon.colcon_core.shell:Creating environment descriptor '/home/robot/word/install/warehouse_gazebo/share/warehouse_gazebo/hook/cmake_prefix_path.dsv'
[2.082s] INFO:colcon.colcon_core.shell:Creating environment hook '/home/robot/word/install/warehouse_gazebo/share/warehouse_gazebo/hook/cmake_prefix_path.sh'
[2.083s] Level 1:colcon.colcon_core.environment:checking '/home/robot/word/install/warehouse_gazebo/bin'
[2.083s] Level 1:colcon.colcon_core.environment:checking '/home/robot/word/install/warehouse_gazebo/lib/pkgconfig/warehouse_gazebo.pc'
[2.083s] Level 1:colcon.colcon_core.environment:checking '/home/robot/word/install/warehouse_gazebo/lib/python3.10/site-packages'
[2.083s] Level 1:colcon.colcon_core.environment:checking '/home/robot/word/install/warehouse_gazebo/bin'
[2.084s] INFO:colcon.colcon_core.shell:Creating package script '/home/robot/word/install/warehouse_gazebo/share/warehouse_gazebo/package.ps1'
[2.085s] INFO:colcon.colcon_core.shell:Creating package descriptor '/home/robot/word/install/warehouse_gazebo/share/warehouse_gazebo/package.dsv'
[2.085s] INFO:colcon.colcon_core.shell:Creating package script '/home/robot/word/install/warehouse_gazebo/share/warehouse_gazebo/package.sh'
[2.086s] INFO:colcon.colcon_core.shell:Creating package script '/home/robot/word/install/warehouse_gazebo/share/warehouse_gazebo/package.bash'
[2.086s] INFO:colcon.colcon_core.shell:Creating package script '/home/robot/word/install/warehouse_gazebo/share/warehouse_gazebo/package.zsh'
[2.086s] Level 1:colcon.colcon_core.environment:create_file_with_runtime_dependencies(/home/robot/word/install/warehouse_gazebo/share/colcon-core/packages/warehouse_gazebo)
[2.086s] INFO:colcon.colcon_ros.task.ament_cmake.build:Building ROS package in '/home/robot/word/src/warehouse_nav' with build type 'ament_cmake'
[2.087s] INFO:colcon.colcon_cmake.task.cmake.build:Building CMake package in '/home/robot/word/src/warehouse_nav'
[2.087s] INFO:colcon.colcon_core.shell:Skip shell extension 'powershell' for command environment: Not usable outside of PowerShell
[2.087s] DEBUG:colcon.colcon_core.shell:Skip shell extension 'dsv' for command environment
[2.095s] DEBUG:colcon.colcon_core.event_handler.log_command:Invoking command in '/home/robot/word/build/warehouse_nav': CMAKE_PREFIX_PATH=/opt/ros/humble /usr/bin/cmake /home/robot/word/src/warehouse_nav -DAMENT_CMAKE_SYMLINK_INSTALL=1 -DCMAKE_INSTALL_PREFIX=/home/robot/word/install/warehouse_nav
[2.260s] DEBUG:colcon.colcon_core.event_handler.log_command:Invoked command in '/home/robot/word/build/warehouse_nav' returned '0': CMAKE_PREFIX_PATH=/opt/ros/humble /usr/bin/cmake /home/robot/word/src/warehouse_nav -DAMENT_CMAKE_SYMLINK_INSTALL=1 -DCMAKE_INSTALL_PREFIX=/home/robot/word/install/warehouse_nav
[2.266s] DEBUG:colcon.colcon_core.event_handler.log_command:Invoking command in '/home/robot/word/build/warehouse_nav': CMAKE_PREFIX_PATH=/opt/ros/humble /usr/bin/cmake --build /home/robot/word/build/warehouse_nav -- -j2 -l2
[2.301s] DEBUG:colcon.colcon_core.event_handler.log_command:Invoked command in '/home/robot/word/build/warehouse_nav' returned '0': CMAKE_PREFIX_PATH=/opt/ros/humble /usr/bin/cmake --build /home/robot/word/build/warehouse_nav -- -j2 -l2
[2.301s] DEBUG:colcon.colcon_core.event_handler.log_command:Invoking command in '/home/robot/word/build/warehouse_nav': CMAKE_PREFIX_PATH=/opt/ros/humble /usr/bin/cmake --install /home/robot/word/build/warehouse_nav
[2.446s] Level 1:colcon.colcon_core.environment:create_environment_scripts_only(warehouse_nav)
[2.447s] Level 1:colcon.colcon_core.environment:checking '/home/robot/word/install/warehouse_nav' for CMake module files
[2.448s] Level 1:colcon.colcon_core.environment:checking '/home/robot/word/install/warehouse_nav' for CMake config files
[2.448s] Level 1:colcon.colcon_core.shell:create_environment_hook('warehouse_nav', 'cmake_prefix_path')
[2.447s] DEBUG:colcon.colcon_core.event_handler.log_command:Invoked command in '/home/robot/word/build/warehouse_nav' returned '0': CMAKE_PREFIX_PATH=/opt/ros/humble /usr/bin/cmake --install /home/robot/word/build/warehouse_nav
[2.450s] INFO:colcon.colcon_core.shell:Creating environment hook '/home/robot/word/install/warehouse_nav/share/warehouse_nav/hook/cmake_prefix_path.ps1'
[2.451s] INFO:colcon.colcon_core.shell:Creating environment descriptor '/home/robot/word/install/warehouse_nav/share/warehouse_nav/hook/cmake_prefix_path.dsv'
[2.451s] INFO:colcon.colcon_core.shell:Creating environment hook '/home/robot/word/install/warehouse_nav/share/warehouse_nav/hook/cmake_prefix_path.sh'
[2.452s] Level 1:colcon.colcon_core.environment:checking '/home/robot/word/install/warehouse_nav/bin'
[2.452s] Level 1:colcon.colcon_core.environment:checking '/home/robot/word/install/warehouse_nav/lib/pkgconfig/warehouse_nav.pc'
[2.452s] Level 1:colcon.colcon_core.environment:checking '/home/robot/word/install/warehouse_nav/lib/python3.10/site-packages'
[2.452s] Level 1:colcon.colcon_core.environment:checking '/home/robot/word/install/warehouse_nav/bin'
[2.452s] INFO:colcon.colcon_core.shell:Creating package script '/home/robot/word/install/warehouse_nav/share/warehouse_nav/package.ps1'
[2.453s] INFO:colcon.colcon_core.shell:Creating package descriptor '/home/robot/word/install/warehouse_nav/share/warehouse_nav/package.dsv'
[2.453s] INFO:colcon.colcon_core.shell:Creating package script '/home/robot/word/install/warehouse_nav/share/warehouse_nav/package.sh'
[2.454s] INFO:colcon.colcon_core.shell:Creating package script '/home/robot/word/install/warehouse_nav/share/warehouse_nav/package.bash'
[2.454s] INFO:colcon.colcon_core.shell:Creating package script '/home/robot/word/install/warehouse_nav/share/warehouse_nav/package.zsh'
[2.454s] Level 1:colcon.colcon_core.environment:create_file_with_runtime_dependencies(/home/robot/word/install/warehouse_nav/share/colcon-core/packages/warehouse_nav)
[2.455s] Level 1:colcon.colcon_core.environment:create_environment_scripts_only(warehouse_nav)
[2.455s] Level 1:colcon.colcon_core.environment:checking '/home/robot/word/install/warehouse_nav' for CMake module files
[2.455s] Level 1:colcon.colcon_core.environment:checking '/home/robot/word/install/warehouse_nav' for CMake config files
[2.455s] Level 1:colcon.colcon_core.shell:create_environment_hook('warehouse_nav', 'cmake_prefix_path')
[2.456s] INFO:colcon.colcon_core.shell:Creating environment hook '/home/robot/word/install/warehouse_nav/share/warehouse_nav/hook/cmake_prefix_path.ps1'
[2.456s] INFO:colcon.colcon_core.shell:Creating environment descriptor '/home/robot/word/install/warehouse_nav/share/warehouse_nav/hook/cmake_prefix_path.dsv'
[2.456s] INFO:colcon.colcon_core.shell:Creating environment hook '/home/robot/word/install/warehouse_nav/share/warehouse_nav/hook/cmake_prefix_path.sh'
[2.457s] Level 1:colcon.colcon_core.environment:checking '/home/robot/word/install/warehouse_nav/bin'
[2.457s] Level 1:colcon.colcon_core.environment:checking '/home/robot/word/install/warehouse_nav/lib/pkgconfig/warehouse_nav.pc'
[2.457s] Level 1:colcon.colcon_core.environment:checking '/home/robot/word/install/warehouse_nav/lib/python3.10/site-packages'
[2.457s] Level 1:colcon.colcon_core.environment:checking '/home/robot/word/install/warehouse_nav/bin'
[2.457s] INFO:colcon.colcon_core.shell:Creating package script '/home/robot/word/install/warehouse_nav/share/warehouse_nav/package.ps1'
[2.458s] INFO:colcon.colcon_core.shell:Creating package descriptor '/home/robot/word/install/warehouse_nav/share/warehouse_nav/package.dsv'
[2.458s] INFO:colcon.colcon_core.shell:Creating package script '/home/robot/word/install/warehouse_nav/share/warehouse_nav/package.sh'
[2.458s] INFO:colcon.colcon_core.shell:Creating package script '/home/robot/word/install/warehouse_nav/share/warehouse_nav/package.bash'
[2.459s] INFO:colcon.colcon_core.shell:Creating package script '/home/robot/word/install/warehouse_nav/share/warehouse_nav/package.zsh'
[2.459s] Level 1:colcon.colcon_core.environment:create_file_with_runtime_dependencies(/home/robot/word/install/warehouse_nav/share/colcon-core/packages/warehouse_nav)
[2.734s] DEBUG:colcon.colcon_core.event_handler.log_command:Invoked command in '/home/robot/word/build/warehouse_description' returned '1': CMAKE_PREFIX_PATH=/opt/ros/humble /usr/bin/cmake /home/robot/word/src/warehouse_description -DAMENT_CMAKE_SYMLINK_INSTALL=1 -DCMAKE_INSTALL_PREFIX=/home/robot/word/install/warehouse_description
[2.735s] Level 1:colcon.colcon_core.environment:create_environment_scripts_only(warehouse_description)
[2.735s] Level 1:colcon.colcon_core.environment:checking '/home/robot/word/install/warehouse_description' for CMake module files
[2.736s] Level 1:colcon.colcon_core.environment:checking '/home/robot/word/install/warehouse_description' for CMake config files
[2.736s] Level 1:colcon.colcon_core.shell:create_environment_hook('warehouse_description', 'cmake_prefix_path')
[2.736s] INFO:colcon.colcon_core.shell:Creating environment hook '/home/robot/word/install/warehouse_description/share/warehouse_description/hook/cmake_prefix_path.ps1'
[2.737s] INFO:colcon.colcon_core.shell:Creating environment descriptor '/home/robot/word/install/warehouse_description/share/warehouse_description/hook/cmake_prefix_path.dsv'
[2.737s] INFO:colcon.colcon_core.shell:Creating environment hook '/home/robot/word/install/warehouse_description/share/warehouse_description/hook/cmake_prefix_path.sh'
[2.737s] Level 1:colcon.colcon_core.environment:checking '/home/robot/word/install/warehouse_description/bin'
[2.738s] Level 1:colcon.colcon_core.environment:checking '/home/robot/word/install/warehouse_description/lib/pkgconfig/warehouse_description.pc'
[2.738s] Level 1:colcon.colcon_core.environment:checking '/home/robot/word/install/warehouse_description/lib/python3.10/site-packages'
[2.738s] Level 1:colcon.colcon_core.environment:checking '/home/robot/word/install/warehouse_description/bin'
[2.738s] INFO:colcon.colcon_core.shell:Creating package script '/home/robot/word/install/warehouse_description/share/warehouse_description/package.ps1'
[2.739s] INFO:colcon.colcon_core.shell:Creating package descriptor '/home/robot/word/install/warehouse_description/share/warehouse_description/package.dsv'
[2.739s] INFO:colcon.colcon_core.shell:Creating package script '/home/robot/word/install/warehouse_description/share/warehouse_description/package.sh'
[2.740s] INFO:colcon.colcon_core.shell:Creating package script '/home/robot/word/install/warehouse_description/share/warehouse_description/package.bash'
[2.740s] INFO:colcon.colcon_core.shell:Creating package script '/home/robot/word/install/warehouse_description/share/warehouse_description/package.zsh'
[2.740s] Level 1:colcon.colcon_core.environment:create_file_with_runtime_dependencies(/home/robot/word/install/warehouse_description/share/colcon-core/packages/warehouse_description)
[2.751s] DEBUG:colcon.colcon_parallel_executor.executor.parallel:closing loop
[2.752s] DEBUG:colcon.colcon_parallel_executor.executor.parallel:loop closed
[2.752s] DEBUG:colcon.colcon_parallel_executor.executor.parallel:run_until_complete finished with '1'
[2.752s] DEBUG:colcon.colcon_core.event_reactor:joining thread
[2.762s] INFO:colcon.colcon_core.plugin_system:Skipping extension 'colcon_notification.desktop_notification.terminal_notifier': Not used on non-Darwin systems
[2.762s] INFO:colcon.colcon_core.plugin_system:Skipping extension 'colcon_notification.desktop_notification.win32': Not used on non-Windows systems
[2.762s] INFO:colcon.colcon_notification.desktop_notification:Sending desktop notification using 'notify2'
[2.779s] DEBUG:colcon.colcon_core.event_reactor:joined thread
[2.780s] INFO:colcon.colcon_core.shell:Creating prefix script '/home/robot/word/install/local_setup.ps1'
[2.781s] INFO:colcon.colcon_core.shell:Creating prefix util module '/home/robot/word/install/_local_setup_util_ps1.py'
[2.782s] INFO:colcon.colcon_core.shell:Creating prefix chain script '/home/robot/word/install/setup.ps1'
[2.783s] INFO:colcon.colcon_core.shell:Creating prefix script '/home/robot/word/install/local_setup.sh'
[2.784s] INFO:colcon.colcon_core.shell:Creating prefix util module '/home/robot/word/install/_local_setup_util_sh.py'
[2.785s] INFO:colcon.colcon_core.shell:Creating prefix chain script '/home/robot/word/install/setup.sh'
[2.786s] INFO:colcon.colcon_core.shell:Creating prefix script '/home/robot/word/install/local_setup.bash'
[2.786s] INFO:colcon.colcon_core.shell:Creating prefix chain script '/home/robot/word/install/setup.bash'
[2.787s] INFO:colcon.colcon_core.shell:Creating prefix script '/home/robot/word/install/local_setup.zsh'
[2.788s] INFO:colcon.colcon_core.shell:Creating prefix chain script '/home/robot/word/install/setup.zsh'
