running egg_info
creating ../../build/warehouse_bringup/warehouse_bringup.egg-info
writing ../../build/warehouse_bringup/warehouse_bringup.egg-info/PKG-INFO
writing dependency_links to ../../build/warehouse_bringup/warehouse_bringup.egg-info/dependency_links.txt
writing entry points to ../../build/warehouse_bringup/warehouse_bringup.egg-info/entry_points.txt
writing requirements to ../../build/warehouse_bringup/warehouse_bringup.egg-info/requires.txt
writing top-level names to ../../build/warehouse_bringup/warehouse_bringup.egg-info/top_level.txt
writing manifest file '../../build/warehouse_bringup/warehouse_bringup.egg-info/SOURCES.txt'
reading manifest file '../../build/warehouse_bringup/warehouse_bringup.egg-info/SOURCES.txt'
writing manifest file '../../build/warehouse_bringup/warehouse_bringup.egg-info/SOURCES.txt'
running build
running build_py
creating /home/robot/word/build/warehouse_bringup/build
creating /home/robot/word/build/warehouse_bringup/build/lib
creating /home/robot/word/build/warehouse_bringup/build/lib/warehouse_bringup
copying warehouse_bringup/__init__.py -> /home/robot/word/build/warehouse_bringup/build/lib/warehouse_bringup
running install
running install_lib
creating /home/robot/word/install/warehouse_bringup/lib/python3.10/site-packages/warehouse_bringup
copying /home/robot/word/build/warehouse_bringup/build/lib/warehouse_bringup/__init__.py -> /home/robot/word/install/warehouse_bringup/lib/python3.10/site-packages/warehouse_bringup
byte-compiling /home/robot/word/install/warehouse_bringup/lib/python3.10/site-packages/warehouse_bringup/__init__.py to __init__.cpython-310.pyc
running install_data
creating /home/robot/word/install/warehouse_bringup/share/ament_index
creating /home/robot/word/install/warehouse_bringup/share/ament_index/resource_index
creating /home/robot/word/install/warehouse_bringup/share/ament_index/resource_index/packages
copying resource/warehouse_bringup -> /home/robot/word/install/warehouse_bringup/share/ament_index/resource_index/packages
copying package.xml -> /home/robot/word/install/warehouse_bringup/share/warehouse_bringup
running install_egg_info
Copying ../../build/warehouse_bringup/warehouse_bringup.egg-info to /home/robot/word/install/warehouse_bringup/lib/python3.10/site-packages/warehouse_bringup-0.0.0-py3.10.egg-info
running install_scripts
writing list of installed files to '/home/robot/word/build/warehouse_bringup/install.log'
