[0.009s] Invoking command in '/home/robot/word/build/warehouse_gazebo': CMAKE_PREFIX_PATH=/opt/ros/humble /usr/bin/cmake --build /home/robot/word/build/warehouse_gazebo -- -j2 -l2
[0.043s] Invoked command in '/home/robot/word/build/warehouse_gazebo' returned '0': CMAKE_PREFIX_PATH=/opt/ros/humble /usr/bin/cmake --build /home/robot/word/build/warehouse_gazebo -- -j2 -l2
[0.055s] Invoking command in '/home/robot/word/build/warehouse_gazebo': CMAKE_PREFIX_PATH=/opt/ros/humble /usr/bin/cmake --install /home/robot/word/build/warehouse_gazebo
[0.058s] -- Install configuration: ""
[0.059s] -- Execute custom install script
[0.059s] -- Up-to-date symlink: /home/robot/word/install/warehouse_gazebo/share/ament_index/resource_index/package_run_dependencies/warehouse_gazebo
[0.059s] -- Up-to-date symlink: /home/robot/word/install/warehouse_gazebo/share/ament_index/resource_index/parent_prefix_path/warehouse_gazebo
[0.059s] -- Up-to-date symlink: /home/robot/word/install/warehouse_gazebo/share/warehouse_gazebo/environment/ament_prefix_path.sh
[0.060s] -- Up-to-date symlink: /home/robot/word/install/warehouse_gazebo/share/warehouse_gazebo/environment/ament_prefix_path.dsv
[0.060s] -- Up-to-date symlink: /home/robot/word/install/warehouse_gazebo/share/warehouse_gazebo/environment/path.sh
[0.060s] -- Up-to-date symlink: /home/robot/word/install/warehouse_gazebo/share/warehouse_gazebo/environment/path.dsv
[0.060s] -- Up-to-date symlink: /home/robot/word/install/warehouse_gazebo/share/warehouse_gazebo/local_setup.bash
[0.061s] -- Up-to-date symlink: /home/robot/word/install/warehouse_gazebo/share/warehouse_gazebo/local_setup.sh
[0.061s] -- Up-to-date symlink: /home/robot/word/install/warehouse_gazebo/share/warehouse_gazebo/local_setup.zsh
[0.061s] -- Up-to-date symlink: /home/robot/word/install/warehouse_gazebo/share/warehouse_gazebo/local_setup.dsv
[0.063s] -- Symlinking: /home/robot/word/install/warehouse_gazebo/share/warehouse_gazebo/package.dsv
[0.070s] -- Up-to-date symlink: /home/robot/word/install/warehouse_gazebo/share/ament_index/resource_index/packages/warehouse_gazebo
[0.070s] -- Up-to-date symlink: /home/robot/word/install/warehouse_gazebo/share/warehouse_gazebo/cmake/warehouse_gazeboConfig.cmake
[0.070s] -- Up-to-date symlink: /home/robot/word/install/warehouse_gazebo/share/warehouse_gazebo/cmake/warehouse_gazeboConfig-version.cmake
[0.070s] -- Up-to-date symlink: /home/robot/word/install/warehouse_gazebo/share/warehouse_gazebo/package.xml
[0.072s] Invoked command in '/home/robot/word/build/warehouse_gazebo' returned '0': CMAKE_PREFIX_PATH=/opt/ros/humble /usr/bin/cmake --install /home/robot/word/build/warehouse_gazebo
