running develop
running egg_info
creating warehourse_tasks.egg-info
writing warehourse_tasks.egg-info/PKG-INFO
writing dependency_links to warehourse_tasks.egg-info/dependency_links.txt
writing entry points to warehourse_tasks.egg-info/entry_points.txt
writing requirements to warehourse_tasks.egg-info/requires.txt
writing top-level names to warehourse_tasks.egg-info/top_level.txt
writing manifest file 'warehourse_tasks.egg-info/SOURCES.txt'
reading manifest file 'warehourse_tasks.egg-info/SOURCES.txt'
writing manifest file 'warehourse_tasks.egg-info/SOURCES.txt'
running build_ext
Creating /home/robot/word/install/warehourse_tasks/lib/python3.10/site-packages/warehourse-tasks.egg-link (link to .)

Installed /home/robot/word/build/warehourse_tasks
running symlink_data
creating /home/robot/word/install/warehourse_tasks/share/ament_index
creating /home/robot/word/install/warehourse_tasks/share/ament_index/resource_index
creating /home/robot/word/install/warehourse_tasks/share/ament_index/resource_index/packages
symbolically linking /home/robot/word/build/warehourse_tasks/resource/warehourse_tasks -> /home/robot/word/install/warehourse_tasks/share/ament_index/resource_index/packages
symbolically linking /home/robot/word/build/warehourse_tasks/package.xml -> /home/robot/word/install/warehourse_tasks/share/warehourse_tasks
