[0.790s] Invoking command in '/home/robot/word/build/warehourse_tasks': PYTHONPATH=/home/robot/word/build/warehourse_tasks/prefix_override:/usr/lib/python3/dist-packages/colcon_core/task/python/colcon_distutils_commands:/home/robot/word/install/warehourse_tasks/lib/python3.10/site-packages:${PYTHONPATH} /usr/bin/python3 -W ignore:setup.py install is deprecated -W ignore:easy_install command is deprecated setup.py develop --editable --build-directory /home/robot/word/build/warehourse_tasks/build --no-deps symlink_data
[0.955s] running develop
[1.035s] running egg_info
[1.035s] creating warehourse_tasks.egg-info
[1.035s] writing warehourse_tasks.egg-info/PKG-INFO
[1.036s] writing dependency_links to warehourse_tasks.egg-info/dependency_links.txt
[1.036s] writing entry points to warehourse_tasks.egg-info/entry_points.txt
[1.037s] writing requirements to warehourse_tasks.egg-info/requires.txt
[1.037s] writing top-level names to warehourse_tasks.egg-info/top_level.txt
[1.038s] writing manifest file 'warehourse_tasks.egg-info/SOURCES.txt'
[1.039s] reading manifest file 'warehourse_tasks.egg-info/SOURCES.txt'
[1.041s] writing manifest file 'warehourse_tasks.egg-info/SOURCES.txt'
[1.042s] running build_ext
[1.043s] Creating /home/robot/word/install/warehourse_tasks/lib/python3.10/site-packages/warehourse-tasks.egg-link (link to .)
[1.043s] 
[1.044s] Installed /home/robot/word/build/warehourse_tasks
[1.044s] running symlink_data
[1.044s] creating /home/robot/word/install/warehourse_tasks/share/ament_index
[1.044s] creating /home/robot/word/install/warehourse_tasks/share/ament_index/resource_index
[1.046s] creating /home/robot/word/install/warehourse_tasks/share/ament_index/resource_index/packages
[1.046s] symbolically linking /home/robot/word/build/warehourse_tasks/resource/warehourse_tasks -> /home/robot/word/install/warehourse_tasks/share/ament_index/resource_index/packages
[1.046s] symbolically linking /home/robot/word/build/warehourse_tasks/package.xml -> /home/robot/word/install/warehourse_tasks/share/warehourse_tasks
[1.089s] Invoked command in '/home/robot/word/build/warehourse_tasks' returned '0': PYTHONPATH=/home/robot/word/build/warehourse_tasks/prefix_override:/usr/lib/python3/dist-packages/colcon_core/task/python/colcon_distutils_commands:/home/robot/word/install/warehourse_tasks/lib/python3.10/site-packages:${PYTHONPATH} /usr/bin/python3 -W ignore:setup.py install is deprecated -W ignore:easy_install command is deprecated setup.py develop --editable --build-directory /home/robot/word/build/warehourse_tasks/build --no-deps symlink_data
