-- Found ament_cmake: 1.3.14 (/opt/ros/humble/share/ament_cmake/cmake)
-- Override CMake install command with custom implementation using symlinks instead of copying resources
-- Found xacro: 2.1.1 (/opt/ros/humble/share/xacro/cmake)
-- Found robot_state_publisher: 3.0.3 (/opt/ros/humble/share/robot_state_publisher/cmake)
-- Found rosidl_generator_c: 3.1.9 (/opt/ros/humble/share/rosidl_generator_c/cmake)
-- Found rosidl_adapter: 3.1.9 (/opt/ros/humble/share/rosidl_adapter/cmake)
-- Found rosidl_generator_cpp: 3.1.9 (/opt/ros/humble/share/rosidl_generator_cpp/cmake)
-- Using all available rosidl_typesupport_c: rosidl_typesupport_fastrtps_c;rosidl_typesupport_introspection_c
-- Using all available rosidl_typesupport_cpp: rosidl_typesupport_fastrtps_cpp;rosidl_typesupport_introspection_cpp
-- Found eigen3_cmake_module: 0.1.1 (/opt/ros/humble/share/eigen3_cmake_module/cmake)
-- Ensuring Eigen3 include directory is part of orocos-kdl CMake target
-- Found rmw_implementation_cmake: 6.1.3 (/opt/ros/humble/share/rmw_implementation_cmake/cmake)
-- Found rmw_fastrtps_cpp: 6.2.10 (/opt/ros/humble/share/rmw_fastrtps_cpp/cmake)
-- Using RMW implementation 'rmw_fastrtps_cpp' as default
-- Found ament_lint_auto: 0.12.15 (/opt/ros/humble/share/ament_lint_auto/cmake)
-- Added test 'flake8' to check Python code syntax and style conventions
-- Added test 'lint_cmake' to check CMake code style
-- Added test 'pep257' to check Python code against some of the docstring style conventions in PEP 257
-- Added test 'xmllint' to check XML markup files
-- Configuring done
-- Generating done
-- Build files have been written to: /home/robot/word/build/warehouse_description
-- Install configuration: ""
-- Execute custom install script
-- Symlinking: /home/robot/word/install/warehouse_description/share/warehouse_description/urdf/warehouse_robot.urdf.xacro
-- Symlinking: /home/robot/word/install/warehouse_description/share/warehouse_description/launch/display.launch.py
-- Symlinking: /home/robot/word/install/warehouse_description/share/ament_index/resource_index/package_run_dependencies/warehouse_description
-- Symlinking: /home/robot/word/install/warehouse_description/share/ament_index/resource_index/parent_prefix_path/warehouse_description
-- Symlinking: /home/robot/word/install/warehouse_description/share/warehouse_description/environment/ament_prefix_path.sh
-- Symlinking: /home/robot/word/install/warehouse_description/share/warehouse_description/environment/ament_prefix_path.dsv
-- Symlinking: /home/robot/word/install/warehouse_description/share/warehouse_description/environment/path.sh
-- Symlinking: /home/robot/word/install/warehouse_description/share/warehouse_description/environment/path.dsv
-- Symlinking: /home/robot/word/install/warehouse_description/share/warehouse_description/local_setup.bash
-- Symlinking: /home/robot/word/install/warehouse_description/share/warehouse_description/local_setup.sh
-- Symlinking: /home/robot/word/install/warehouse_description/share/warehouse_description/local_setup.zsh
-- Symlinking: /home/robot/word/install/warehouse_description/share/warehouse_description/local_setup.dsv
-- Symlinking: /home/robot/word/install/warehouse_description/share/warehouse_description/package.dsv
-- Symlinking: /home/robot/word/install/warehouse_description/share/ament_index/resource_index/packages/warehouse_description
-- Symlinking: /home/robot/word/install/warehouse_description/share/warehouse_description/cmake/warehouse_descriptionConfig.cmake
-- Symlinking: /home/robot/word/install/warehouse_description/share/warehouse_description/cmake/warehouse_descriptionConfig-version.cmake
-- Symlinking: /home/robot/word/install/warehouse_description/share/warehouse_description/package.xml
