[0.156s] DEBUG:colcon:Command line arguments: ['/usr/bin/colcon', 'build']
[0.156s] DEBUG:colcon:Parsed command line arguments: Namespace(log_base=None, log_level=None, verb_name='build', build_base='build', install_base='install', merge_install=False, symlink_install=False, test_result_base=None, continue_on_error=False, executor='parallel', parallel_workers=2, event_handlers=None, ignore_user_meta=False, metas=['./colcon.meta'], base_paths=['.'], packages_ignore=None, packages_ignore_regex=None, paths=None, packages_up_to=None, packages_up_to_regex=None, packages_above=None, packages_above_and_dependencies=None, packages_above_depth=None, packages_select_by_dep=None, packages_skip_by_dep=None, packages_skip_up_to=None, packages_select_build_failed=False, packages_skip_build_finished=False, packages_select_test_failures=False, packages_skip_test_passed=False, packages_select=None, packages_skip=None, packages_select_regex=None, packages_skip_regex=None, packages_start=None, packages_end=None, allow_overriding=[], cmake_args=None, cmake_target=None, cmake_target_skip_unavailable=False, cmake_clean_cache=False, cmake_clean_first=False, cmake_force_configure=False, ament_cmake_args=None, catkin_cmake_args=None, catkin_skip_building_tests=False, verb_parser=<colcon_defaults.argument_parser.defaults.DefaultArgumentsDecorator object at 0x762f48f24130>, verb_extension=<colcon_core.verb.build.BuildVerb object at 0x762f48eef7f0>, main=<bound method BuildVerb.main of <colcon_core.verb.build.BuildVerb object at 0x762f48eef7f0>>)
[0.471s] Level 1:colcon.colcon_core.package_discovery:discover_packages(colcon_meta) check parameters
[0.471s] Level 1:colcon.colcon_core.package_discovery:discover_packages(recursive) check parameters
[0.471s] Level 1:colcon.colcon_core.package_discovery:discover_packages(ignore) check parameters
[0.472s] Level 1:colcon.colcon_core.package_discovery:discover_packages(path) check parameters
[0.472s] Level 1:colcon.colcon_core.package_discovery:discover_packages(colcon_meta) discover
[0.472s] Level 1:colcon.colcon_core.package_discovery:discover_packages(recursive) discover
[0.472s] INFO:colcon.colcon_core.package_discovery:Crawling recursively for packages in '/home/robot/word'
[0.472s] Level 1:colcon.colcon_core.package_identification:_identify(.) by extensions ['ignore', 'ignore_ament_install']
[0.472s] Level 1:colcon.colcon_core.package_identification:_identify(.) by extension 'ignore'
[0.472s] Level 1:colcon.colcon_core.package_identification:_identify(.) by extension 'ignore_ament_install'
[0.472s] Level 1:colcon.colcon_core.package_identification:_identify(.) by extensions ['colcon_pkg']
[0.472s] Level 1:colcon.colcon_core.package_identification:_identify(.) by extension 'colcon_pkg'
[0.472s] Level 1:colcon.colcon_core.package_identification:_identify(.) by extensions ['colcon_meta']
[0.472s] Level 1:colcon.colcon_core.package_identification:_identify(.) by extension 'colcon_meta'
[0.472s] Level 1:colcon.colcon_core.package_identification:_identify(.) by extensions ['ros']
[0.472s] Level 1:colcon.colcon_core.package_identification:_identify(.) by extension 'ros'
[0.482s] Level 1:colcon.colcon_core.package_identification:_identify(.) by extensions ['cmake', 'python']
[0.482s] Level 1:colcon.colcon_core.package_identification:_identify(.) by extension 'cmake'
[0.482s] Level 1:colcon.colcon_core.package_identification:_identify(.) by extension 'python'
[0.482s] Level 1:colcon.colcon_core.package_identification:_identify(.) by extensions ['python_setup_py']
[0.482s] Level 1:colcon.colcon_core.package_identification:_identify(.) by extension 'python_setup_py'
[0.483s] Level 1:colcon.colcon_core.package_identification:_identify(build) by extensions ['ignore', 'ignore_ament_install']
[0.483s] Level 1:colcon.colcon_core.package_identification:_identify(build) by extension 'ignore'
[0.483s] Level 1:colcon.colcon_core.package_identification:_identify(build) ignored
[0.483s] Level 1:colcon.colcon_core.package_identification:_identify(install) by extensions ['ignore', 'ignore_ament_install']
[0.483s] Level 1:colcon.colcon_core.package_identification:_identify(install) by extension 'ignore'
[0.483s] Level 1:colcon.colcon_core.package_identification:_identify(install) ignored
[0.483s] Level 1:colcon.colcon_core.package_identification:_identify(log) by extensions ['ignore', 'ignore_ament_install']
[0.483s] Level 1:colcon.colcon_core.package_identification:_identify(log) by extension 'ignore'
[0.483s] Level 1:colcon.colcon_core.package_identification:_identify(log) ignored
[0.483s] Level 1:colcon.colcon_core.package_identification:_identify(src) by extensions ['ignore', 'ignore_ament_install']
[0.483s] Level 1:colcon.colcon_core.package_identification:_identify(src) by extension 'ignore'
[0.483s] Level 1:colcon.colcon_core.package_identification:_identify(src) by extension 'ignore_ament_install'
[0.483s] Level 1:colcon.colcon_core.package_identification:_identify(src) by extensions ['colcon_pkg']
[0.483s] Level 1:colcon.colcon_core.package_identification:_identify(src) by extension 'colcon_pkg'
[0.483s] Level 1:colcon.colcon_core.package_identification:_identify(src) by extensions ['colcon_meta']
[0.483s] Level 1:colcon.colcon_core.package_identification:_identify(src) by extension 'colcon_meta'
[0.483s] Level 1:colcon.colcon_core.package_identification:_identify(src) by extensions ['ros']
[0.483s] Level 1:colcon.colcon_core.package_identification:_identify(src) by extension 'ros'
[0.484s] Level 1:colcon.colcon_core.package_identification:_identify(src) by extensions ['cmake', 'python']
[0.484s] Level 1:colcon.colcon_core.package_identification:_identify(src) by extension 'cmake'
[0.484s] Level 1:colcon.colcon_core.package_identification:_identify(src) by extension 'python'
[0.484s] Level 1:colcon.colcon_core.package_identification:_identify(src) by extensions ['python_setup_py']
[0.484s] Level 1:colcon.colcon_core.package_identification:_identify(src) by extension 'python_setup_py'
[0.484s] Level 1:colcon.colcon_core.package_identification:_identify(src/warehourse_tasks) by extensions ['ignore', 'ignore_ament_install']
[0.484s] Level 1:colcon.colcon_core.package_identification:_identify(src/warehourse_tasks) by extension 'ignore'
[0.484s] Level 1:colcon.colcon_core.package_identification:_identify(src/warehourse_tasks) by extension 'ignore_ament_install'
[0.484s] Level 1:colcon.colcon_core.package_identification:_identify(src/warehourse_tasks) by extensions ['colcon_pkg']
[0.484s] Level 1:colcon.colcon_core.package_identification:_identify(src/warehourse_tasks) by extension 'colcon_pkg'
[0.484s] Level 1:colcon.colcon_core.package_identification:_identify(src/warehourse_tasks) by extensions ['colcon_meta']
[0.484s] Level 1:colcon.colcon_core.package_identification:_identify(src/warehourse_tasks) by extension 'colcon_meta'
[0.484s] Level 1:colcon.colcon_core.package_identification:_identify(src/warehourse_tasks) by extensions ['ros']
[0.484s] Level 1:colcon.colcon_core.package_identification:_identify(src/warehourse_tasks) by extension 'ros'
[0.487s] DEBUG:colcon.colcon_core.package_identification:Package 'src/warehourse_tasks' with type 'ros.ament_python' and name 'warehourse_tasks'
[0.487s] Level 1:colcon.colcon_core.package_identification:_identify(src/warehouse_bringup) by extensions ['ignore', 'ignore_ament_install']
[0.487s] Level 1:colcon.colcon_core.package_identification:_identify(src/warehouse_bringup) by extension 'ignore'
[0.487s] Level 1:colcon.colcon_core.package_identification:_identify(src/warehouse_bringup) by extension 'ignore_ament_install'
[0.487s] Level 1:colcon.colcon_core.package_identification:_identify(src/warehouse_bringup) by extensions ['colcon_pkg']
[0.487s] Level 1:colcon.colcon_core.package_identification:_identify(src/warehouse_bringup) by extension 'colcon_pkg'
[0.487s] Level 1:colcon.colcon_core.package_identification:_identify(src/warehouse_bringup) by extensions ['colcon_meta']
[0.488s] Level 1:colcon.colcon_core.package_identification:_identify(src/warehouse_bringup) by extension 'colcon_meta'
[0.488s] Level 1:colcon.colcon_core.package_identification:_identify(src/warehouse_bringup) by extensions ['ros']
[0.488s] Level 1:colcon.colcon_core.package_identification:_identify(src/warehouse_bringup) by extension 'ros'
[0.488s] DEBUG:colcon.colcon_core.package_identification:Package 'src/warehouse_bringup' with type 'ros.ament_python' and name 'warehouse_bringup'
[0.488s] Level 1:colcon.colcon_core.package_identification:_identify(src/warehouse_description) by extensions ['ignore', 'ignore_ament_install']
[0.488s] Level 1:colcon.colcon_core.package_identification:_identify(src/warehouse_description) by extension 'ignore'
[0.489s] Level 1:colcon.colcon_core.package_identification:_identify(src/warehouse_description) by extension 'ignore_ament_install'
[0.489s] Level 1:colcon.colcon_core.package_identification:_identify(src/warehouse_description) by extensions ['colcon_pkg']
[0.489s] Level 1:colcon.colcon_core.package_identification:_identify(src/warehouse_description) by extension 'colcon_pkg'
[0.489s] Level 1:colcon.colcon_core.package_identification:_identify(src/warehouse_description) by extensions ['colcon_meta']
[0.489s] Level 1:colcon.colcon_core.package_identification:_identify(src/warehouse_description) by extension 'colcon_meta'
[0.489s] Level 1:colcon.colcon_core.package_identification:_identify(src/warehouse_description) by extensions ['ros']
[0.489s] Level 1:colcon.colcon_core.package_identification:_identify(src/warehouse_description) by extension 'ros'
[0.489s] DEBUG:colcon.colcon_core.package_identification:Package 'src/warehouse_description' with type 'ros.ament_cmake' and name 'warehouse_description'
[0.490s] Level 1:colcon.colcon_core.package_identification:_identify(src/warehouse_gazebo) by extensions ['ignore', 'ignore_ament_install']
[0.490s] Level 1:colcon.colcon_core.package_identification:_identify(src/warehouse_gazebo) by extension 'ignore'
[0.490s] Level 1:colcon.colcon_core.package_identification:_identify(src/warehouse_gazebo) by extension 'ignore_ament_install'
[0.490s] Level 1:colcon.colcon_core.package_identification:_identify(src/warehouse_gazebo) by extensions ['colcon_pkg']
[0.490s] Level 1:colcon.colcon_core.package_identification:_identify(src/warehouse_gazebo) by extension 'colcon_pkg'
[0.490s] Level 1:colcon.colcon_core.package_identification:_identify(src/warehouse_gazebo) by extensions ['colcon_meta']
[0.490s] Level 1:colcon.colcon_core.package_identification:_identify(src/warehouse_gazebo) by extension 'colcon_meta'
[0.490s] Level 1:colcon.colcon_core.package_identification:_identify(src/warehouse_gazebo) by extensions ['ros']
[0.490s] Level 1:colcon.colcon_core.package_identification:_identify(src/warehouse_gazebo) by extension 'ros'
[0.491s] DEBUG:colcon.colcon_core.package_identification:Package 'src/warehouse_gazebo' with type 'ros.ament_cmake' and name 'warehouse_gazebo'
[0.491s] Level 1:colcon.colcon_core.package_identification:_identify(src/warehouse_nav) by extensions ['ignore', 'ignore_ament_install']
[0.491s] Level 1:colcon.colcon_core.package_identification:_identify(src/warehouse_nav) by extension 'ignore'
[0.491s] Level 1:colcon.colcon_core.package_identification:_identify(src/warehouse_nav) by extension 'ignore_ament_install'
[0.491s] Level 1:colcon.colcon_core.package_identification:_identify(src/warehouse_nav) by extensions ['colcon_pkg']
[0.491s] Level 1:colcon.colcon_core.package_identification:_identify(src/warehouse_nav) by extension 'colcon_pkg'
[0.491s] Level 1:colcon.colcon_core.package_identification:_identify(src/warehouse_nav) by extensions ['colcon_meta']
[0.491s] Level 1:colcon.colcon_core.package_identification:_identify(src/warehouse_nav) by extension 'colcon_meta'
[0.491s] Level 1:colcon.colcon_core.package_identification:_identify(src/warehouse_nav) by extensions ['ros']
[0.491s] Level 1:colcon.colcon_core.package_identification:_identify(src/warehouse_nav) by extension 'ros'
[0.492s] DEBUG:colcon.colcon_core.package_identification:Package 'src/warehouse_nav' with type 'ros.ament_cmake' and name 'warehouse_nav'
[0.492s] Level 1:colcon.colcon_core.package_discovery:discover_packages(recursive) using defaults
[0.492s] Level 1:colcon.colcon_core.package_discovery:discover_packages(ignore) discover
[0.492s] Level 1:colcon.colcon_core.package_discovery:discover_packages(ignore) using defaults
[0.492s] Level 1:colcon.colcon_core.package_discovery:discover_packages(path) discover
[0.492s] Level 1:colcon.colcon_core.package_discovery:discover_packages(path) using defaults
[0.525s] Level 1:colcon.colcon_core.package_discovery:discover_packages(prefix_path) check parameters
[0.525s] Level 1:colcon.colcon_core.package_discovery:discover_packages(prefix_path) discover
[0.529s] DEBUG:colcon.colcon_installed_package_information.package_discovery:Found 388 installed packages in /opt/ros/humble
[0.531s] Level 1:colcon.colcon_core.package_discovery:discover_packages(prefix_path) using defaults
[0.561s] Level 5:colcon.colcon_core.verb:set package 'warehourse_tasks' build argument 'cmake_args' from command line to 'None'
[0.561s] Level 5:colcon.colcon_core.verb:set package 'warehourse_tasks' build argument 'cmake_target' from command line to 'None'
[0.561s] Level 5:colcon.colcon_core.verb:set package 'warehourse_tasks' build argument 'cmake_target_skip_unavailable' from command line to 'False'
[0.561s] Level 5:colcon.colcon_core.verb:set package 'warehourse_tasks' build argument 'cmake_clean_cache' from command line to 'False'
[0.561s] Level 5:colcon.colcon_core.verb:set package 'warehourse_tasks' build argument 'cmake_clean_first' from command line to 'False'
[0.561s] Level 5:colcon.colcon_core.verb:set package 'warehourse_tasks' build argument 'cmake_force_configure' from command line to 'False'
[0.561s] Level 5:colcon.colcon_core.verb:set package 'warehourse_tasks' build argument 'ament_cmake_args' from command line to 'None'
[0.561s] Level 5:colcon.colcon_core.verb:set package 'warehourse_tasks' build argument 'catkin_cmake_args' from command line to 'None'
[0.561s] Level 5:colcon.colcon_core.verb:set package 'warehourse_tasks' build argument 'catkin_skip_building_tests' from command line to 'False'
[0.561s] DEBUG:colcon.colcon_core.verb:Building package 'warehourse_tasks' with the following arguments: {'ament_cmake_args': None, 'build_base': '/home/robot/word/build/warehourse_tasks', 'catkin_cmake_args': None, 'catkin_skip_building_tests': False, 'cmake_args': None, 'cmake_clean_cache': False, 'cmake_clean_first': False, 'cmake_force_configure': False, 'cmake_target': None, 'cmake_target_skip_unavailable': False, 'install_base': '/home/robot/word/install/warehourse_tasks', 'merge_install': False, 'path': '/home/robot/word/src/warehourse_tasks', 'symlink_install': False, 'test_result_base': None}
[0.561s] Level 5:colcon.colcon_core.verb:set package 'warehouse_bringup' build argument 'cmake_args' from command line to 'None'
[0.561s] Level 5:colcon.colcon_core.verb:set package 'warehouse_bringup' build argument 'cmake_target' from command line to 'None'
[0.561s] Level 5:colcon.colcon_core.verb:set package 'warehouse_bringup' build argument 'cmake_target_skip_unavailable' from command line to 'False'
[0.561s] Level 5:colcon.colcon_core.verb:set package 'warehouse_bringup' build argument 'cmake_clean_cache' from command line to 'False'
[0.561s] Level 5:colcon.colcon_core.verb:set package 'warehouse_bringup' build argument 'cmake_clean_first' from command line to 'False'
[0.561s] Level 5:colcon.colcon_core.verb:set package 'warehouse_bringup' build argument 'cmake_force_configure' from command line to 'False'
[0.561s] Level 5:colcon.colcon_core.verb:set package 'warehouse_bringup' build argument 'ament_cmake_args' from command line to 'None'
[0.561s] Level 5:colcon.colcon_core.verb:set package 'warehouse_bringup' build argument 'catkin_cmake_args' from command line to 'None'
[0.561s] Level 5:colcon.colcon_core.verb:set package 'warehouse_bringup' build argument 'catkin_skip_building_tests' from command line to 'False'
[0.561s] DEBUG:colcon.colcon_core.verb:Building package 'warehouse_bringup' with the following arguments: {'ament_cmake_args': None, 'build_base': '/home/robot/word/build/warehouse_bringup', 'catkin_cmake_args': None, 'catkin_skip_building_tests': False, 'cmake_args': None, 'cmake_clean_cache': False, 'cmake_clean_first': False, 'cmake_force_configure': False, 'cmake_target': None, 'cmake_target_skip_unavailable': False, 'install_base': '/home/robot/word/install/warehouse_bringup', 'merge_install': False, 'path': '/home/robot/word/src/warehouse_bringup', 'symlink_install': False, 'test_result_base': None}
[0.562s] Level 5:colcon.colcon_core.verb:set package 'warehouse_description' build argument 'cmake_args' from command line to 'None'
[0.562s] Level 5:colcon.colcon_core.verb:set package 'warehouse_description' build argument 'cmake_target' from command line to 'None'
[0.562s] Level 5:colcon.colcon_core.verb:set package 'warehouse_description' build argument 'cmake_target_skip_unavailable' from command line to 'False'
[0.562s] Level 5:colcon.colcon_core.verb:set package 'warehouse_description' build argument 'cmake_clean_cache' from command line to 'False'
[0.562s] Level 5:colcon.colcon_core.verb:set package 'warehouse_description' build argument 'cmake_clean_first' from command line to 'False'
[0.562s] Level 5:colcon.colcon_core.verb:set package 'warehouse_description' build argument 'cmake_force_configure' from command line to 'False'
[0.562s] Level 5:colcon.colcon_core.verb:set package 'warehouse_description' build argument 'ament_cmake_args' from command line to 'None'
[0.562s] Level 5:colcon.colcon_core.verb:set package 'warehouse_description' build argument 'catkin_cmake_args' from command line to 'None'
[0.562s] Level 5:colcon.colcon_core.verb:set package 'warehouse_description' build argument 'catkin_skip_building_tests' from command line to 'False'
[0.562s] DEBUG:colcon.colcon_core.verb:Building package 'warehouse_description' with the following arguments: {'ament_cmake_args': None, 'build_base': '/home/robot/word/build/warehouse_description', 'catkin_cmake_args': None, 'catkin_skip_building_tests': False, 'cmake_args': None, 'cmake_clean_cache': False, 'cmake_clean_first': False, 'cmake_force_configure': False, 'cmake_target': None, 'cmake_target_skip_unavailable': False, 'install_base': '/home/robot/word/install/warehouse_description', 'merge_install': False, 'path': '/home/robot/word/src/warehouse_description', 'symlink_install': False, 'test_result_base': None}
[0.562s] Level 5:colcon.colcon_core.verb:set package 'warehouse_gazebo' build argument 'cmake_args' from command line to 'None'
[0.562s] Level 5:colcon.colcon_core.verb:set package 'warehouse_gazebo' build argument 'cmake_target' from command line to 'None'
[0.562s] Level 5:colcon.colcon_core.verb:set package 'warehouse_gazebo' build argument 'cmake_target_skip_unavailable' from command line to 'False'
[0.562s] Level 5:colcon.colcon_core.verb:set package 'warehouse_gazebo' build argument 'cmake_clean_cache' from command line to 'False'
[0.562s] Level 5:colcon.colcon_core.verb:set package 'warehouse_gazebo' build argument 'cmake_clean_first' from command line to 'False'
[0.562s] Level 5:colcon.colcon_core.verb:set package 'warehouse_gazebo' build argument 'cmake_force_configure' from command line to 'False'
[0.562s] Level 5:colcon.colcon_core.verb:set package 'warehouse_gazebo' build argument 'ament_cmake_args' from command line to 'None'
[0.562s] Level 5:colcon.colcon_core.verb:set package 'warehouse_gazebo' build argument 'catkin_cmake_args' from command line to 'None'
[0.562s] Level 5:colcon.colcon_core.verb:set package 'warehouse_gazebo' build argument 'catkin_skip_building_tests' from command line to 'False'
[0.562s] DEBUG:colcon.colcon_core.verb:Building package 'warehouse_gazebo' with the following arguments: {'ament_cmake_args': None, 'build_base': '/home/robot/word/build/warehouse_gazebo', 'catkin_cmake_args': None, 'catkin_skip_building_tests': False, 'cmake_args': None, 'cmake_clean_cache': False, 'cmake_clean_first': False, 'cmake_force_configure': False, 'cmake_target': None, 'cmake_target_skip_unavailable': False, 'install_base': '/home/robot/word/install/warehouse_gazebo', 'merge_install': False, 'path': '/home/robot/word/src/warehouse_gazebo', 'symlink_install': False, 'test_result_base': None}
[0.562s] Level 5:colcon.colcon_core.verb:set package 'warehouse_nav' build argument 'cmake_args' from command line to 'None'
[0.562s] Level 5:colcon.colcon_core.verb:set package 'warehouse_nav' build argument 'cmake_target' from command line to 'None'
[0.562s] Level 5:colcon.colcon_core.verb:set package 'warehouse_nav' build argument 'cmake_target_skip_unavailable' from command line to 'False'
[0.562s] Level 5:colcon.colcon_core.verb:set package 'warehouse_nav' build argument 'cmake_clean_cache' from command line to 'False'
[0.562s] Level 5:colcon.colcon_core.verb:set package 'warehouse_nav' build argument 'cmake_clean_first' from command line to 'False'
[0.562s] Level 5:colcon.colcon_core.verb:set package 'warehouse_nav' build argument 'cmake_force_configure' from command line to 'False'
[0.562s] Level 5:colcon.colcon_core.verb:set package 'warehouse_nav' build argument 'ament_cmake_args' from command line to 'None'
[0.562s] Level 5:colcon.colcon_core.verb:set package 'warehouse_nav' build argument 'catkin_cmake_args' from command line to 'None'
[0.562s] Level 5:colcon.colcon_core.verb:set package 'warehouse_nav' build argument 'catkin_skip_building_tests' from command line to 'False'
[0.562s] DEBUG:colcon.colcon_core.verb:Building package 'warehouse_nav' with the following arguments: {'ament_cmake_args': None, 'build_base': '/home/robot/word/build/warehouse_nav', 'catkin_cmake_args': None, 'catkin_skip_building_tests': False, 'cmake_args': None, 'cmake_clean_cache': False, 'cmake_clean_first': False, 'cmake_force_configure': False, 'cmake_target': None, 'cmake_target_skip_unavailable': False, 'install_base': '/home/robot/word/install/warehouse_nav', 'merge_install': False, 'path': '/home/robot/word/src/warehouse_nav', 'symlink_install': False, 'test_result_base': None}
[0.562s] INFO:colcon.colcon_core.executor:Executing jobs using 'parallel' executor
[0.564s] DEBUG:colcon.colcon_parallel_executor.executor.parallel:run_until_complete
[0.564s] INFO:colcon.colcon_ros.task.ament_python.build:Building ROS package in '/home/robot/word/src/warehourse_tasks' with build type 'ament_python'
[0.564s] Level 1:colcon.colcon_core.shell:create_environment_hook('warehourse_tasks', 'ament_prefix_path')
[0.570s] INFO:colcon.colcon_core.plugin_system:Skipping extension 'colcon_core.shell.bat': Not used on non-Windows systems
[0.571s] INFO:colcon.colcon_core.shell:Creating environment hook '/home/robot/word/install/warehourse_tasks/share/warehourse_tasks/hook/ament_prefix_path.ps1'
[0.572s] INFO:colcon.colcon_core.shell:Creating environment descriptor '/home/robot/word/install/warehourse_tasks/share/warehourse_tasks/hook/ament_prefix_path.dsv'
[0.573s] INFO:colcon.colcon_core.shell:Creating environment hook '/home/robot/word/install/warehourse_tasks/share/warehourse_tasks/hook/ament_prefix_path.sh'
[0.573s] INFO:colcon.colcon_core.shell:Skip shell extension 'powershell' for command environment: Not usable outside of PowerShell
[0.573s] DEBUG:colcon.colcon_core.shell:Skip shell extension 'dsv' for command environment
[0.577s] INFO:colcon.colcon_ros.task.ament_python.build:Building ROS package in '/home/robot/word/src/warehouse_bringup' with build type 'ament_python'
[0.577s] Level 1:colcon.colcon_core.shell:create_environment_hook('warehouse_bringup', 'ament_prefix_path')
[0.578s] INFO:colcon.colcon_core.shell:Creating environment hook '/home/robot/word/install/warehouse_bringup/share/warehouse_bringup/hook/ament_prefix_path.ps1'
[0.579s] INFO:colcon.colcon_core.shell:Creating environment descriptor '/home/robot/word/install/warehouse_bringup/share/warehouse_bringup/hook/ament_prefix_path.dsv'
[0.579s] INFO:colcon.colcon_core.shell:Creating environment hook '/home/robot/word/install/warehouse_bringup/share/warehouse_bringup/hook/ament_prefix_path.sh'
[0.580s] INFO:colcon.colcon_core.shell:Skip shell extension 'powershell' for command environment: Not usable outside of PowerShell
[0.580s] DEBUG:colcon.colcon_core.shell:Skip shell extension 'dsv' for command environment
[0.736s] INFO:colcon.colcon_core.task.python.build:Building Python package in '/home/robot/word/src/warehourse_tasks'
[0.736s] INFO:colcon.colcon_core.shell:Skip shell extension 'powershell' for command environment: Not usable outside of PowerShell
[0.736s] DEBUG:colcon.colcon_core.shell:Skip shell extension 'dsv' for command environment
[0.892s] INFO:colcon.colcon_core.task.python.build:Building Python package in '/home/robot/word/src/warehouse_bringup'
[0.892s] INFO:colcon.colcon_core.shell:Skip shell extension 'powershell' for command environment: Not usable outside of PowerShell
[0.892s] DEBUG:colcon.colcon_core.shell:Skip shell extension 'dsv' for command environment
[1.305s] DEBUG:colcon.colcon_core.task.python.build:Available setuptools commands: install_scripts, rotate, upload, clean, build_scripts, bdist_dumb, easy_install, init_catalog, sdist, alias, build_clib, install, dist_info, bdist_rpm, check, symlink_data, build_ext, upload_docs, build, saveopts, develop, bdist_egg, compile_catalog, update_catalog, setopt, extract_messages, install_lib, build_py, bdist, egg_info, install_egg_info, test, install_headers, register, install_data
[1.313s] DEBUG:colcon.colcon_core.event_handler.log_command:Invoking command in '/home/robot/word/build/warehourse_tasks': PYTHONPATH=/home/robot/word/build/warehourse_tasks/prefix_override:/usr/lib/python3/dist-packages/colcon_core/task/python/colcon_distutils_commands:/home/robot/word/install/warehourse_tasks/lib/python3.10/site-packages:${PYTHONPATH} /usr/bin/python3 -W ignore:setup.py install is deprecated -W ignore:easy_install command is deprecated setup.py develop --uninstall --editable --build-directory /home/robot/word/build/warehourse_tasks/build
[1.313s] DEBUG:colcon.colcon_core.task.python.build:Available setuptools commands: install_scripts, rotate, upload, clean, build_scripts, bdist_dumb, easy_install, init_catalog, sdist, alias, build_clib, install, dist_info, bdist_rpm, check, symlink_data, build_ext, upload_docs, build, saveopts, develop, bdist_egg, compile_catalog, update_catalog, setopt, extract_messages, install_lib, build_py, bdist, egg_info, install_egg_info, test, install_headers, register, install_data
[1.317s] DEBUG:colcon.colcon_core.event_handler.log_command:Invoking command in '/home/robot/word/build/warehouse_bringup': PYTHONPATH=/home/robot/word/build/warehouse_bringup/prefix_override:/usr/lib/python3/dist-packages/colcon_core/task/python/colcon_distutils_commands:/home/robot/word/install/warehouse_bringup/lib/python3.10/site-packages:${PYTHONPATH} /usr/bin/python3 -W ignore:setup.py install is deprecated -W ignore:easy_install command is deprecated setup.py develop --uninstall --editable --build-directory /home/robot/word/build/warehouse_bringup/build
[1.575s] DEBUG:colcon.colcon_core.event_handler.log_command:Invoked command in '/home/robot/word/build/warehourse_tasks' returned '0': PYTHONPATH=/home/robot/word/build/warehourse_tasks/prefix_override:/usr/lib/python3/dist-packages/colcon_core/task/python/colcon_distutils_commands:/home/robot/word/install/warehourse_tasks/lib/python3.10/site-packages:${PYTHONPATH} /usr/bin/python3 -W ignore:setup.py install is deprecated -W ignore:easy_install command is deprecated setup.py develop --uninstall --editable --build-directory /home/robot/word/build/warehourse_tasks/build
[1.575s] DEBUG:colcon.colcon_core.event_handler.log_command:Invoking command in '/home/robot/word/src/warehourse_tasks': PYTHONPATH=/home/robot/word/build/warehourse_tasks/prefix_override:/usr/lib/python3/dist-packages/colcon_core/task/python/colcon_distutils_commands:/home/robot/word/install/warehourse_tasks/lib/python3.10/site-packages:${PYTHONPATH} /usr/bin/python3 -W ignore:setup.py install is deprecated -W ignore:easy_install command is deprecated setup.py egg_info --egg-base ../../build/warehourse_tasks build --build-base /home/robot/word/build/warehourse_tasks/build install --record /home/robot/word/build/warehourse_tasks/install.log --install-scripts $base/lib/warehourse_tasks --single-version-externally-managed install_data --force
[1.590s] DEBUG:colcon.colcon_core.event_handler.log_command:Invoked command in '/home/robot/word/build/warehouse_bringup' returned '0': PYTHONPATH=/home/robot/word/build/warehouse_bringup/prefix_override:/usr/lib/python3/dist-packages/colcon_core/task/python/colcon_distutils_commands:/home/robot/word/install/warehouse_bringup/lib/python3.10/site-packages:${PYTHONPATH} /usr/bin/python3 -W ignore:setup.py install is deprecated -W ignore:easy_install command is deprecated setup.py develop --uninstall --editable --build-directory /home/robot/word/build/warehouse_bringup/build
[1.591s] DEBUG:colcon.colcon_core.event_handler.log_command:Invoking command in '/home/robot/word/src/warehouse_bringup': PYTHONPATH=/home/robot/word/build/warehouse_bringup/prefix_override:/usr/lib/python3/dist-packages/colcon_core/task/python/colcon_distutils_commands:/home/robot/word/install/warehouse_bringup/lib/python3.10/site-packages:${PYTHONPATH} /usr/bin/python3 -W ignore:setup.py install is deprecated -W ignore:easy_install command is deprecated setup.py egg_info --egg-base ../../build/warehouse_bringup build --build-base /home/robot/word/build/warehouse_bringup/build install --record /home/robot/word/build/warehouse_bringup/install.log --install-scripts $base/lib/warehouse_bringup --single-version-externally-managed install_data --force
[1.763s] DEBUG:colcon.colcon_core.event_handler.log_command:Invoked command in '/home/robot/word/src/warehourse_tasks' returned '0': PYTHONPATH=/home/robot/word/build/warehourse_tasks/prefix_override:/usr/lib/python3/dist-packages/colcon_core/task/python/colcon_distutils_commands:/home/robot/word/install/warehourse_tasks/lib/python3.10/site-packages:${PYTHONPATH} /usr/bin/python3 -W ignore:setup.py install is deprecated -W ignore:easy_install command is deprecated setup.py egg_info --egg-base ../../build/warehourse_tasks build --build-base /home/robot/word/build/warehourse_tasks/build install --record /home/robot/word/build/warehourse_tasks/install.log --install-scripts $base/lib/warehourse_tasks --single-version-externally-managed install_data --force
[1.771s] Level 1:colcon.colcon_core.environment:checking '/home/robot/word/install/warehourse_tasks' for CMake module files
[1.772s] Level 1:colcon.colcon_core.environment:checking '/home/robot/word/install/warehourse_tasks' for CMake config files
[1.773s] Level 1:colcon.colcon_core.environment:checking '/home/robot/word/install/warehourse_tasks/lib'
[1.774s] Level 1:colcon.colcon_core.environment:checking '/home/robot/word/install/warehourse_tasks/bin'
[1.774s] Level 1:colcon.colcon_core.environment:checking '/home/robot/word/install/warehourse_tasks/lib/pkgconfig/warehourse_tasks.pc'
[1.774s] Level 1:colcon.colcon_core.environment:checking '/home/robot/word/install/warehourse_tasks/lib/python3.10/site-packages'
[1.774s] Level 1:colcon.colcon_core.shell:create_environment_hook('warehourse_tasks', 'pythonpath')
[1.774s] INFO:colcon.colcon_core.shell:Creating environment hook '/home/robot/word/install/warehourse_tasks/share/warehourse_tasks/hook/pythonpath.ps1'
[1.775s] INFO:colcon.colcon_core.shell:Creating environment descriptor '/home/robot/word/install/warehourse_tasks/share/warehourse_tasks/hook/pythonpath.dsv'
[1.775s] INFO:colcon.colcon_core.shell:Creating environment hook '/home/robot/word/install/warehourse_tasks/share/warehourse_tasks/hook/pythonpath.sh'
[1.775s] Level 1:colcon.colcon_core.environment:checking '/home/robot/word/install/warehourse_tasks/bin'
[1.776s] Level 1:colcon.colcon_core.environment:create_environment_scripts_only(warehourse_tasks)
[1.776s] INFO:colcon.colcon_core.shell:Creating package script '/home/robot/word/install/warehourse_tasks/share/warehourse_tasks/package.ps1'
[1.778s] INFO:colcon.colcon_core.shell:Creating package descriptor '/home/robot/word/install/warehourse_tasks/share/warehourse_tasks/package.dsv'
[1.779s] INFO:colcon.colcon_core.shell:Creating package script '/home/robot/word/install/warehourse_tasks/share/warehourse_tasks/package.sh'
[1.779s] INFO:colcon.colcon_core.shell:Creating package script '/home/robot/word/install/warehourse_tasks/share/warehourse_tasks/package.bash'
[1.781s] INFO:colcon.colcon_core.shell:Creating package script '/home/robot/word/install/warehourse_tasks/share/warehourse_tasks/package.zsh'
[1.782s] Level 1:colcon.colcon_core.environment:create_file_with_runtime_dependencies(/home/robot/word/install/warehourse_tasks/share/colcon-core/packages/warehourse_tasks)
[1.782s] INFO:colcon.colcon_ros.task.ament_cmake.build:Building ROS package in '/home/robot/word/src/warehouse_description' with build type 'ament_cmake'
[1.783s] INFO:colcon.colcon_cmake.task.cmake.build:Building CMake package in '/home/robot/word/src/warehouse_description'
[1.783s] INFO:colcon.colcon_core.shell:Skip shell extension 'powershell' for command environment: Not usable outside of PowerShell
[1.783s] DEBUG:colcon.colcon_core.shell:Skip shell extension 'dsv' for command environment
[1.790s] DEBUG:colcon.colcon_core.event_handler.log_command:Invoking command in '/home/robot/word/build/warehouse_description': CMAKE_PREFIX_PATH=/opt/ros/humble /usr/bin/cmake /home/robot/word/src/warehouse_description -DCMAKE_INSTALL_PREFIX=/home/robot/word/install/warehouse_description
[1.793s] Level 1:colcon.colcon_core.environment:checking '/home/robot/word/install/warehouse_bringup' for CMake module files
[1.795s] Level 1:colcon.colcon_core.environment:checking '/home/robot/word/install/warehouse_bringup' for CMake config files
[1.795s] DEBUG:colcon.colcon_core.event_handler.log_command:Invoked command in '/home/robot/word/src/warehouse_bringup' returned '0': PYTHONPATH=/home/robot/word/build/warehouse_bringup/prefix_override:/usr/lib/python3/dist-packages/colcon_core/task/python/colcon_distutils_commands:/home/robot/word/install/warehouse_bringup/lib/python3.10/site-packages:${PYTHONPATH} /usr/bin/python3 -W ignore:setup.py install is deprecated -W ignore:easy_install command is deprecated setup.py egg_info --egg-base ../../build/warehouse_bringup build --build-base /home/robot/word/build/warehouse_bringup/build install --record /home/robot/word/build/warehouse_bringup/install.log --install-scripts $base/lib/warehouse_bringup --single-version-externally-managed install_data --force
[1.796s] Level 1:colcon.colcon_core.environment:checking '/home/robot/word/install/warehouse_bringup/lib'
[1.796s] Level 1:colcon.colcon_core.environment:checking '/home/robot/word/install/warehouse_bringup/bin'
[1.796s] Level 1:colcon.colcon_core.environment:checking '/home/robot/word/install/warehouse_bringup/lib/pkgconfig/warehouse_bringup.pc'
[1.797s] Level 1:colcon.colcon_core.environment:checking '/home/robot/word/install/warehouse_bringup/lib/python3.10/site-packages'
[1.797s] Level 1:colcon.colcon_core.shell:create_environment_hook('warehouse_bringup', 'pythonpath')
[1.797s] INFO:colcon.colcon_core.shell:Creating environment hook '/home/robot/word/install/warehouse_bringup/share/warehouse_bringup/hook/pythonpath.ps1'
[1.797s] INFO:colcon.colcon_core.shell:Creating environment descriptor '/home/robot/word/install/warehouse_bringup/share/warehouse_bringup/hook/pythonpath.dsv'
[1.798s] INFO:colcon.colcon_core.shell:Creating environment hook '/home/robot/word/install/warehouse_bringup/share/warehouse_bringup/hook/pythonpath.sh'
[1.798s] Level 1:colcon.colcon_core.environment:checking '/home/robot/word/install/warehouse_bringup/bin'
[1.798s] Level 1:colcon.colcon_core.environment:create_environment_scripts_only(warehouse_bringup)
[1.798s] INFO:colcon.colcon_core.shell:Creating package script '/home/robot/word/install/warehouse_bringup/share/warehouse_bringup/package.ps1'
[1.799s] INFO:colcon.colcon_core.shell:Creating package descriptor '/home/robot/word/install/warehouse_bringup/share/warehouse_bringup/package.dsv'
[1.800s] INFO:colcon.colcon_core.shell:Creating package script '/home/robot/word/install/warehouse_bringup/share/warehouse_bringup/package.sh'
[1.800s] INFO:colcon.colcon_core.shell:Creating package script '/home/robot/word/install/warehouse_bringup/share/warehouse_bringup/package.bash'
[1.801s] INFO:colcon.colcon_core.shell:Creating package script '/home/robot/word/install/warehouse_bringup/share/warehouse_bringup/package.zsh'
[1.801s] Level 1:colcon.colcon_core.environment:create_file_with_runtime_dependencies(/home/robot/word/install/warehouse_bringup/share/colcon-core/packages/warehouse_bringup)
[1.801s] INFO:colcon.colcon_ros.task.ament_cmake.build:Building ROS package in '/home/robot/word/src/warehouse_gazebo' with build type 'ament_cmake'
[1.802s] INFO:colcon.colcon_cmake.task.cmake.build:Building CMake package in '/home/robot/word/src/warehouse_gazebo'
[1.802s] INFO:colcon.colcon_core.shell:Skip shell extension 'powershell' for command environment: Not usable outside of PowerShell
[1.802s] DEBUG:colcon.colcon_core.shell:Skip shell extension 'dsv' for command environment
[1.814s] DEBUG:colcon.colcon_core.event_handler.log_command:Invoking command in '/home/robot/word/build/warehouse_gazebo': CMAKE_PREFIX_PATH=/opt/ros/humble /usr/bin/cmake /home/robot/word/src/warehouse_gazebo -DCMAKE_INSTALL_PREFIX=/home/robot/word/install/warehouse_gazebo
[2.089s] DEBUG:colcon.colcon_core.event_handler.log_command:Invoked command in '/home/robot/word/build/warehouse_gazebo' returned '0': CMAKE_PREFIX_PATH=/opt/ros/humble /usr/bin/cmake /home/robot/word/src/warehouse_gazebo -DCMAKE_INSTALL_PREFIX=/home/robot/word/install/warehouse_gazebo
[2.093s] DEBUG:colcon.colcon_core.event_handler.log_command:Invoking command in '/home/robot/word/build/warehouse_gazebo': CMAKE_PREFIX_PATH=/opt/ros/humble /usr/bin/cmake --build /home/robot/word/build/warehouse_gazebo -- -j2 -l2
[2.131s] DEBUG:colcon.colcon_core.event_handler.log_command:Invoked command in '/home/robot/word/build/warehouse_gazebo' returned '0': CMAKE_PREFIX_PATH=/opt/ros/humble /usr/bin/cmake --build /home/robot/word/build/warehouse_gazebo -- -j2 -l2
[2.143s] DEBUG:colcon.colcon_core.event_handler.log_command:Invoking command in '/home/robot/word/build/warehouse_gazebo': CMAKE_PREFIX_PATH=/opt/ros/humble /usr/bin/cmake --install /home/robot/word/build/warehouse_gazebo
[2.169s] Level 1:colcon.colcon_core.environment:create_environment_scripts_only(warehouse_gazebo)
[2.169s] Level 1:colcon.colcon_core.environment:checking '/home/robot/word/install/warehouse_gazebo' for CMake module files
[2.170s] DEBUG:colcon.colcon_core.event_handler.log_command:Invoked command in '/home/robot/word/build/warehouse_gazebo' returned '0': CMAKE_PREFIX_PATH=/opt/ros/humble /usr/bin/cmake --install /home/robot/word/build/warehouse_gazebo
[2.171s] Level 1:colcon.colcon_core.environment:checking '/home/robot/word/install/warehouse_gazebo' for CMake config files
[2.171s] Level 1:colcon.colcon_core.shell:create_environment_hook('warehouse_gazebo', 'cmake_prefix_path')
[2.171s] INFO:colcon.colcon_core.shell:Creating environment hook '/home/robot/word/install/warehouse_gazebo/share/warehouse_gazebo/hook/cmake_prefix_path.ps1'
[2.172s] INFO:colcon.colcon_core.shell:Creating environment descriptor '/home/robot/word/install/warehouse_gazebo/share/warehouse_gazebo/hook/cmake_prefix_path.dsv'
[2.173s] INFO:colcon.colcon_core.shell:Creating environment hook '/home/robot/word/install/warehouse_gazebo/share/warehouse_gazebo/hook/cmake_prefix_path.sh'
[2.173s] Level 1:colcon.colcon_core.environment:checking '/home/robot/word/install/warehouse_gazebo/bin'
[2.173s] Level 1:colcon.colcon_core.environment:checking '/home/robot/word/install/warehouse_gazebo/lib/pkgconfig/warehouse_gazebo.pc'
[2.173s] Level 1:colcon.colcon_core.environment:checking '/home/robot/word/install/warehouse_gazebo/lib/python3.10/site-packages'
[2.174s] Level 1:colcon.colcon_core.environment:checking '/home/robot/word/install/warehouse_gazebo/bin'
[2.174s] INFO:colcon.colcon_core.shell:Creating package script '/home/robot/word/install/warehouse_gazebo/share/warehouse_gazebo/package.ps1'
[2.174s] INFO:colcon.colcon_core.shell:Creating package descriptor '/home/robot/word/install/warehouse_gazebo/share/warehouse_gazebo/package.dsv'
[2.175s] INFO:colcon.colcon_core.shell:Creating package script '/home/robot/word/install/warehouse_gazebo/share/warehouse_gazebo/package.sh'
[2.175s] INFO:colcon.colcon_core.shell:Creating package script '/home/robot/word/install/warehouse_gazebo/share/warehouse_gazebo/package.bash'
[2.176s] INFO:colcon.colcon_core.shell:Creating package script '/home/robot/word/install/warehouse_gazebo/share/warehouse_gazebo/package.zsh'
[2.176s] Level 1:colcon.colcon_core.environment:create_file_with_runtime_dependencies(/home/robot/word/install/warehouse_gazebo/share/colcon-core/packages/warehouse_gazebo)
[2.177s] Level 1:colcon.colcon_core.environment:create_environment_scripts_only(warehouse_gazebo)
[2.177s] Level 1:colcon.colcon_core.environment:checking '/home/robot/word/install/warehouse_gazebo' for CMake module files
[2.177s] Level 1:colcon.colcon_core.environment:checking '/home/robot/word/install/warehouse_gazebo' for CMake config files
[2.177s] Level 1:colcon.colcon_core.shell:create_environment_hook('warehouse_gazebo', 'cmake_prefix_path')
[2.178s] INFO:colcon.colcon_core.shell:Creating environment hook '/home/robot/word/install/warehouse_gazebo/share/warehouse_gazebo/hook/cmake_prefix_path.ps1'
[2.178s] INFO:colcon.colcon_core.shell:Creating environment descriptor '/home/robot/word/install/warehouse_gazebo/share/warehouse_gazebo/hook/cmake_prefix_path.dsv'
[2.178s] INFO:colcon.colcon_core.shell:Creating environment hook '/home/robot/word/install/warehouse_gazebo/share/warehouse_gazebo/hook/cmake_prefix_path.sh'
[2.179s] Level 1:colcon.colcon_core.environment:checking '/home/robot/word/install/warehouse_gazebo/bin'
[2.179s] Level 1:colcon.colcon_core.environment:checking '/home/robot/word/install/warehouse_gazebo/lib/pkgconfig/warehouse_gazebo.pc'
[2.179s] Level 1:colcon.colcon_core.environment:checking '/home/robot/word/install/warehouse_gazebo/lib/python3.10/site-packages'
[2.179s] Level 1:colcon.colcon_core.environment:checking '/home/robot/word/install/warehouse_gazebo/bin'
[2.180s] INFO:colcon.colcon_core.shell:Creating package script '/home/robot/word/install/warehouse_gazebo/share/warehouse_gazebo/package.ps1'
[2.180s] INFO:colcon.colcon_core.shell:Creating package descriptor '/home/robot/word/install/warehouse_gazebo/share/warehouse_gazebo/package.dsv'
[2.181s] INFO:colcon.colcon_core.shell:Creating package script '/home/robot/word/install/warehouse_gazebo/share/warehouse_gazebo/package.sh'
[2.181s] INFO:colcon.colcon_core.shell:Creating package script '/home/robot/word/install/warehouse_gazebo/share/warehouse_gazebo/package.bash'
[2.182s] INFO:colcon.colcon_core.shell:Creating package script '/home/robot/word/install/warehouse_gazebo/share/warehouse_gazebo/package.zsh'
[2.182s] Level 1:colcon.colcon_core.environment:create_file_with_runtime_dependencies(/home/robot/word/install/warehouse_gazebo/share/colcon-core/packages/warehouse_gazebo)
[2.183s] INFO:colcon.colcon_ros.task.ament_cmake.build:Building ROS package in '/home/robot/word/src/warehouse_nav' with build type 'ament_cmake'
[2.183s] INFO:colcon.colcon_cmake.task.cmake.build:Building CMake package in '/home/robot/word/src/warehouse_nav'
[2.183s] INFO:colcon.colcon_core.shell:Skip shell extension 'powershell' for command environment: Not usable outside of PowerShell
[2.183s] DEBUG:colcon.colcon_core.shell:Skip shell extension 'dsv' for command environment
[2.195s] DEBUG:colcon.colcon_core.event_handler.log_command:Invoking command in '/home/robot/word/build/warehouse_nav': CMAKE_PREFIX_PATH=/opt/ros/humble /usr/bin/cmake /home/robot/word/src/warehouse_nav -DCMAKE_INSTALL_PREFIX=/home/robot/word/install/warehouse_nav
[2.384s] DEBUG:colcon.colcon_core.event_handler.log_command:Invoked command in '/home/robot/word/build/warehouse_nav' returned '0': CMAKE_PREFIX_PATH=/opt/ros/humble /usr/bin/cmake /home/robot/word/src/warehouse_nav -DCMAKE_INSTALL_PREFIX=/home/robot/word/install/warehouse_nav
[2.384s] DEBUG:colcon.colcon_core.event_handler.log_command:Invoking command in '/home/robot/word/build/warehouse_nav': CMAKE_PREFIX_PATH=/opt/ros/humble /usr/bin/cmake --build /home/robot/word/build/warehouse_nav -- -j2 -l2
[2.436s] DEBUG:colcon.colcon_core.event_handler.log_command:Invoked command in '/home/robot/word/build/warehouse_nav' returned '0': CMAKE_PREFIX_PATH=/opt/ros/humble /usr/bin/cmake --build /home/robot/word/build/warehouse_nav -- -j2 -l2
[2.436s] DEBUG:colcon.colcon_core.event_handler.log_command:Invoking command in '/home/robot/word/build/warehouse_nav': CMAKE_PREFIX_PATH=/opt/ros/humble /usr/bin/cmake --install /home/robot/word/build/warehouse_nav
[2.457s] Level 1:colcon.colcon_core.environment:create_environment_scripts_only(warehouse_nav)
[2.457s] Level 1:colcon.colcon_core.environment:checking '/home/robot/word/install/warehouse_nav' for CMake module files
[2.458s] DEBUG:colcon.colcon_core.event_handler.log_command:Invoked command in '/home/robot/word/build/warehouse_nav' returned '0': CMAKE_PREFIX_PATH=/opt/ros/humble /usr/bin/cmake --install /home/robot/word/build/warehouse_nav
[2.459s] Level 1:colcon.colcon_core.environment:checking '/home/robot/word/install/warehouse_nav' for CMake config files
[2.461s] Level 1:colcon.colcon_core.shell:create_environment_hook('warehouse_nav', 'cmake_prefix_path')
[2.461s] INFO:colcon.colcon_core.shell:Creating environment hook '/home/robot/word/install/warehouse_nav/share/warehouse_nav/hook/cmake_prefix_path.ps1'
[2.461s] INFO:colcon.colcon_core.shell:Creating environment descriptor '/home/robot/word/install/warehouse_nav/share/warehouse_nav/hook/cmake_prefix_path.dsv'
[2.462s] INFO:colcon.colcon_core.shell:Creating environment hook '/home/robot/word/install/warehouse_nav/share/warehouse_nav/hook/cmake_prefix_path.sh'
[2.462s] Level 1:colcon.colcon_core.environment:checking '/home/robot/word/install/warehouse_nav/bin'
[2.463s] Level 1:colcon.colcon_core.environment:checking '/home/robot/word/install/warehouse_nav/lib/pkgconfig/warehouse_nav.pc'
[2.463s] Level 1:colcon.colcon_core.environment:checking '/home/robot/word/install/warehouse_nav/lib/python3.10/site-packages'
[2.463s] Level 1:colcon.colcon_core.environment:checking '/home/robot/word/install/warehouse_nav/bin'
[2.463s] INFO:colcon.colcon_core.shell:Creating package script '/home/robot/word/install/warehouse_nav/share/warehouse_nav/package.ps1'
[2.464s] INFO:colcon.colcon_core.shell:Creating package descriptor '/home/robot/word/install/warehouse_nav/share/warehouse_nav/package.dsv'
[2.464s] INFO:colcon.colcon_core.shell:Creating package script '/home/robot/word/install/warehouse_nav/share/warehouse_nav/package.sh'
[2.464s] INFO:colcon.colcon_core.shell:Creating package script '/home/robot/word/install/warehouse_nav/share/warehouse_nav/package.bash'
[2.465s] INFO:colcon.colcon_core.shell:Creating package script '/home/robot/word/install/warehouse_nav/share/warehouse_nav/package.zsh'
[2.465s] Level 1:colcon.colcon_core.environment:create_file_with_runtime_dependencies(/home/robot/word/install/warehouse_nav/share/colcon-core/packages/warehouse_nav)
[2.465s] Level 1:colcon.colcon_core.environment:create_environment_scripts_only(warehouse_nav)
[2.466s] Level 1:colcon.colcon_core.environment:checking '/home/robot/word/install/warehouse_nav' for CMake module files
[2.466s] Level 1:colcon.colcon_core.environment:checking '/home/robot/word/install/warehouse_nav' for CMake config files
[2.466s] Level 1:colcon.colcon_core.shell:create_environment_hook('warehouse_nav', 'cmake_prefix_path')
[2.466s] INFO:colcon.colcon_core.shell:Creating environment hook '/home/robot/word/install/warehouse_nav/share/warehouse_nav/hook/cmake_prefix_path.ps1'
[2.466s] INFO:colcon.colcon_core.shell:Creating environment descriptor '/home/robot/word/install/warehouse_nav/share/warehouse_nav/hook/cmake_prefix_path.dsv'
[2.467s] INFO:colcon.colcon_core.shell:Creating environment hook '/home/robot/word/install/warehouse_nav/share/warehouse_nav/hook/cmake_prefix_path.sh'
[2.467s] Level 1:colcon.colcon_core.environment:checking '/home/robot/word/install/warehouse_nav/bin'
[2.468s] Level 1:colcon.colcon_core.environment:checking '/home/robot/word/install/warehouse_nav/lib/pkgconfig/warehouse_nav.pc'
[2.468s] Level 1:colcon.colcon_core.environment:checking '/home/robot/word/install/warehouse_nav/lib/python3.10/site-packages'
[2.468s] Level 1:colcon.colcon_core.environment:checking '/home/robot/word/install/warehouse_nav/bin'
[2.468s] INFO:colcon.colcon_core.shell:Creating package script '/home/robot/word/install/warehouse_nav/share/warehouse_nav/package.ps1'
[2.469s] INFO:colcon.colcon_core.shell:Creating package descriptor '/home/robot/word/install/warehouse_nav/share/warehouse_nav/package.dsv'
[2.469s] INFO:colcon.colcon_core.shell:Creating package script '/home/robot/word/install/warehouse_nav/share/warehouse_nav/package.sh'
[2.470s] INFO:colcon.colcon_core.shell:Creating package script '/home/robot/word/install/warehouse_nav/share/warehouse_nav/package.bash'
[2.470s] INFO:colcon.colcon_core.shell:Creating package script '/home/robot/word/install/warehouse_nav/share/warehouse_nav/package.zsh'
[2.470s] Level 1:colcon.colcon_core.environment:create_file_with_runtime_dependencies(/home/robot/word/install/warehouse_nav/share/colcon-core/packages/warehouse_nav)
[2.627s] DEBUG:colcon.colcon_core.event_handler.log_command:Invoked command in '/home/robot/word/build/warehouse_description' returned '0': CMAKE_PREFIX_PATH=/opt/ros/humble /usr/bin/cmake /home/robot/word/src/warehouse_description -DCMAKE_INSTALL_PREFIX=/home/robot/word/install/warehouse_description
[2.628s] DEBUG:colcon.colcon_core.event_handler.log_command:Invoking command in '/home/robot/word/build/warehouse_description': CMAKE_PREFIX_PATH=/opt/ros/humble /usr/bin/cmake --build /home/robot/word/build/warehouse_description -- -j2 -l2
[2.665s] DEBUG:colcon.colcon_core.event_handler.log_command:Invoked command in '/home/robot/word/build/warehouse_description' returned '0': CMAKE_PREFIX_PATH=/opt/ros/humble /usr/bin/cmake --build /home/robot/word/build/warehouse_description -- -j2 -l2
[2.666s] DEBUG:colcon.colcon_core.event_handler.log_command:Invoking command in '/home/robot/word/build/warehouse_description': CMAKE_PREFIX_PATH=/opt/ros/humble /usr/bin/cmake --install /home/robot/word/build/warehouse_description
[2.698s] Level 1:colcon.colcon_core.environment:create_environment_scripts_only(warehouse_description)
[2.698s] DEBUG:colcon.colcon_core.event_handler.log_command:Invoked command in '/home/robot/word/build/warehouse_description' returned '0': CMAKE_PREFIX_PATH=/opt/ros/humble /usr/bin/cmake --install /home/robot/word/build/warehouse_description
[2.699s] Level 1:colcon.colcon_core.environment:checking '/home/robot/word/install/warehouse_description' for CMake module files
[2.699s] Level 1:colcon.colcon_core.environment:checking '/home/robot/word/install/warehouse_description' for CMake config files
[2.699s] Level 1:colcon.colcon_core.shell:create_environment_hook('warehouse_description', 'cmake_prefix_path')
[2.699s] INFO:colcon.colcon_core.shell:Creating environment hook '/home/robot/word/install/warehouse_description/share/warehouse_description/hook/cmake_prefix_path.ps1'
[2.700s] INFO:colcon.colcon_core.shell:Creating environment descriptor '/home/robot/word/install/warehouse_description/share/warehouse_description/hook/cmake_prefix_path.dsv'
[2.700s] INFO:colcon.colcon_core.shell:Creating environment hook '/home/robot/word/install/warehouse_description/share/warehouse_description/hook/cmake_prefix_path.sh'
[2.701s] Level 1:colcon.colcon_core.environment:checking '/home/robot/word/install/warehouse_description/bin'
[2.701s] Level 1:colcon.colcon_core.environment:checking '/home/robot/word/install/warehouse_description/lib/pkgconfig/warehouse_description.pc'
[2.701s] Level 1:colcon.colcon_core.environment:checking '/home/robot/word/install/warehouse_description/lib/python3.10/site-packages'
[2.701s] Level 1:colcon.colcon_core.environment:checking '/home/robot/word/install/warehouse_description/bin'
[2.701s] INFO:colcon.colcon_core.shell:Creating package script '/home/robot/word/install/warehouse_description/share/warehouse_description/package.ps1'
[2.702s] INFO:colcon.colcon_core.shell:Creating package descriptor '/home/robot/word/install/warehouse_description/share/warehouse_description/package.dsv'
[2.702s] INFO:colcon.colcon_core.shell:Creating package script '/home/robot/word/install/warehouse_description/share/warehouse_description/package.sh'
[2.703s] INFO:colcon.colcon_core.shell:Creating package script '/home/robot/word/install/warehouse_description/share/warehouse_description/package.bash'
[2.703s] INFO:colcon.colcon_core.shell:Creating package script '/home/robot/word/install/warehouse_description/share/warehouse_description/package.zsh'
[2.703s] Level 1:colcon.colcon_core.environment:create_file_with_runtime_dependencies(/home/robot/word/install/warehouse_description/share/colcon-core/packages/warehouse_description)
[2.704s] Level 1:colcon.colcon_core.environment:create_environment_scripts_only(warehouse_description)
[2.704s] Level 1:colcon.colcon_core.environment:checking '/home/robot/word/install/warehouse_description' for CMake module files
[2.704s] Level 1:colcon.colcon_core.environment:checking '/home/robot/word/install/warehouse_description' for CMake config files
[2.704s] Level 1:colcon.colcon_core.shell:create_environment_hook('warehouse_description', 'cmake_prefix_path')
[2.704s] INFO:colcon.colcon_core.shell:Creating environment hook '/home/robot/word/install/warehouse_description/share/warehouse_description/hook/cmake_prefix_path.ps1'
[2.705s] INFO:colcon.colcon_core.shell:Creating environment descriptor '/home/robot/word/install/warehouse_description/share/warehouse_description/hook/cmake_prefix_path.dsv'
[2.705s] INFO:colcon.colcon_core.shell:Creating environment hook '/home/robot/word/install/warehouse_description/share/warehouse_description/hook/cmake_prefix_path.sh'
[2.706s] Level 1:colcon.colcon_core.environment:checking '/home/robot/word/install/warehouse_description/bin'
[2.706s] Level 1:colcon.colcon_core.environment:checking '/home/robot/word/install/warehouse_description/lib/pkgconfig/warehouse_description.pc'
[2.707s] Level 1:colcon.colcon_core.environment:checking '/home/robot/word/install/warehouse_description/lib/python3.10/site-packages'
[2.707s] Level 1:colcon.colcon_core.environment:checking '/home/robot/word/install/warehouse_description/bin'
[2.707s] INFO:colcon.colcon_core.shell:Creating package script '/home/robot/word/install/warehouse_description/share/warehouse_description/package.ps1'
[2.708s] INFO:colcon.colcon_core.shell:Creating package descriptor '/home/robot/word/install/warehouse_description/share/warehouse_description/package.dsv'
[2.708s] INFO:colcon.colcon_core.shell:Creating package script '/home/robot/word/install/warehouse_description/share/warehouse_description/package.sh'
[2.709s] INFO:colcon.colcon_core.shell:Creating package script '/home/robot/word/install/warehouse_description/share/warehouse_description/package.bash'
[2.709s] INFO:colcon.colcon_core.shell:Creating package script '/home/robot/word/install/warehouse_description/share/warehouse_description/package.zsh'
[2.710s] Level 1:colcon.colcon_core.environment:create_file_with_runtime_dependencies(/home/robot/word/install/warehouse_description/share/colcon-core/packages/warehouse_description)
[2.710s] DEBUG:colcon.colcon_parallel_executor.executor.parallel:closing loop
[2.710s] DEBUG:colcon.colcon_parallel_executor.executor.parallel:loop closed
[2.710s] DEBUG:colcon.colcon_parallel_executor.executor.parallel:run_until_complete finished with '0'
[2.710s] DEBUG:colcon.colcon_core.event_reactor:joining thread
[2.717s] INFO:colcon.colcon_core.plugin_system:Skipping extension 'colcon_notification.desktop_notification.terminal_notifier': Not used on non-Darwin systems
[2.717s] INFO:colcon.colcon_core.plugin_system:Skipping extension 'colcon_notification.desktop_notification.win32': Not used on non-Windows systems
[2.717s] INFO:colcon.colcon_notification.desktop_notification:Sending desktop notification using 'notify2'
[2.784s] DEBUG:colcon.colcon_core.event_reactor:joined thread
[2.784s] INFO:colcon.colcon_core.shell:Creating prefix script '/home/robot/word/install/local_setup.ps1'
[2.786s] INFO:colcon.colcon_core.shell:Creating prefix util module '/home/robot/word/install/_local_setup_util_ps1.py'
[2.788s] INFO:colcon.colcon_core.shell:Creating prefix chain script '/home/robot/word/install/setup.ps1'
[2.790s] INFO:colcon.colcon_core.shell:Creating prefix script '/home/robot/word/install/local_setup.sh'
[2.791s] INFO:colcon.colcon_core.shell:Creating prefix util module '/home/robot/word/install/_local_setup_util_sh.py'
[2.791s] INFO:colcon.colcon_core.shell:Creating prefix chain script '/home/robot/word/install/setup.sh'
[2.792s] INFO:colcon.colcon_core.shell:Creating prefix script '/home/robot/word/install/local_setup.bash'
[2.793s] INFO:colcon.colcon_core.shell:Creating prefix chain script '/home/robot/word/install/setup.bash'
[2.794s] INFO:colcon.colcon_core.shell:Creating prefix script '/home/robot/word/install/local_setup.zsh'
[2.795s] INFO:colcon.colcon_core.shell:Creating prefix chain script '/home/robot/word/install/setup.zsh'
