[0.004s] Invoking command in '/home/robot/word/build/warehouse_gazebo': CMAKE_PREFIX_PATH=/opt/ros/humble /usr/bin/cmake --build /home/robot/word/build/warehouse_gazebo -- -j2 -l2
[0.044s] Invoked command in '/home/robot/word/build/warehouse_gazebo' returned '0': CMAKE_PREFIX_PATH=/opt/ros/humble /usr/bin/cmake --build /home/robot/word/build/warehouse_gazebo -- -j2 -l2
[0.057s] Invoking command in '/home/robot/word/build/warehouse_gazebo': CMAKE_PREFIX_PATH=/opt/ros/humble /usr/bin/cmake --install /home/robot/word/build/warehouse_gazebo
[0.063s] -- Install configuration: ""
[0.063s] -- Execute custom install script
[0.064s] -- Up-to-date symlink: /home/robot/word/install/warehouse_gazebo/share/ament_index/resource_index/package_run_dependencies/warehouse_gazebo
[0.064s] -- Up-to-date symlink: /home/robot/word/install/warehouse_gazebo/share/ament_index/resource_index/parent_prefix_path/warehouse_gazebo
[0.065s] -- Up-to-date symlink: /home/robot/word/install/warehouse_gazebo/share/warehouse_gazebo/environment/ament_prefix_path.sh
[0.065s] -- Up-to-date symlink: /home/robot/word/install/warehouse_gazebo/share/warehouse_gazebo/environment/ament_prefix_path.dsv
[0.065s] -- Up-to-date symlink: /home/robot/word/install/warehouse_gazebo/share/warehouse_gazebo/environment/path.sh
[0.066s] -- Up-to-date symlink: /home/robot/word/install/warehouse_gazebo/share/warehouse_gazebo/environment/path.dsv
[0.066s] -- Up-to-date symlink: /home/robot/word/install/warehouse_gazebo/share/warehouse_gazebo/local_setup.bash
[0.066s] -- Up-to-date symlink: /home/robot/word/install/warehouse_gazebo/share/warehouse_gazebo/local_setup.sh
[0.067s] -- Up-to-date symlink: /home/robot/word/install/warehouse_gazebo/share/warehouse_gazebo/local_setup.zsh
[0.067s] -- Up-to-date symlink: /home/robot/word/install/warehouse_gazebo/share/warehouse_gazebo/local_setup.dsv
[0.067s] -- Symlinking: /home/robot/word/install/warehouse_gazebo/share/warehouse_gazebo/package.dsv
[0.076s] -- Up-to-date symlink: /home/robot/word/install/warehouse_gazebo/share/ament_index/resource_index/packages/warehouse_gazebo
[0.076s] -- Up-to-date symlink: /home/robot/word/install/warehouse_gazebo/share/warehouse_gazebo/cmake/warehouse_gazeboConfig.cmake
[0.078s] -- Up-to-date symlink: /home/robot/word/install/warehouse_gazebo/share/warehouse_gazebo/cmake/warehouse_gazeboConfig-version.cmake
[0.078s] -- Up-to-date symlink: /home/robot/word/install/warehouse_gazebo/share/warehouse_gazebo/package.xml
[0.081s] Invoked command in '/home/robot/word/build/warehouse_gazebo' returned '0': CMAKE_PREFIX_PATH=/opt/ros/humble /usr/bin/cmake --install /home/robot/word/build/warehouse_gazebo
