[0.012s] Invoking command in '/home/robot/word/build/warehouse_nav': CMAKE_PREFIX_PATH=/opt/ros/humble /usr/bin/cmake /home/robot/word/src/warehouse_nav -DCMAKE_INSTALL_PREFIX=/home/robot/word/install/warehouse_nav
[0.023s] -- Found ament_cmake: 1.3.14 (/opt/ros/humble/share/ament_cmake/cmake)
[0.117s] -- Override CMake install command with custom implementation using symlinks instead of copying resources
[0.125s] -- Found ament_lint_auto: 0.12.15 (/opt/ros/humble/share/ament_lint_auto/cmake)
[0.179s] -- Added test 'lint_cmake' to check CMake code style
[0.180s] -- Added test 'xmllint' to check XML markup files
[0.183s] -- Configuring done
[0.192s] -- Generating done
[0.196s] -- Build files have been written to: /home/robot/word/build/warehouse_nav
[0.201s] Invoked command in '/home/robot/word/build/warehouse_nav' returned '0': CMAKE_PREFIX_PATH=/opt/ros/humble /usr/bin/cmake /home/robot/word/src/warehouse_nav -DCMAKE_INSTALL_PREFIX=/home/robot/word/install/warehouse_nav
[0.201s] Invoking command in '/home/robot/word/build/warehouse_nav': CMAKE_PREFIX_PATH=/opt/ros/humble /usr/bin/cmake --build /home/robot/word/build/warehouse_nav -- -j2 -l2
[0.253s] Invoked command in '/home/robot/word/build/warehouse_nav' returned '0': CMAKE_PREFIX_PATH=/opt/ros/humble /usr/bin/cmake --build /home/robot/word/build/warehouse_nav -- -j2 -l2
[0.253s] Invoking command in '/home/robot/word/build/warehouse_nav': CMAKE_PREFIX_PATH=/opt/ros/humble /usr/bin/cmake --install /home/robot/word/build/warehouse_nav
[0.258s] -- Install configuration: ""
[0.258s] -- Execute custom install script
[0.258s] -- Up-to-date symlink: /home/robot/word/install/warehouse_nav/share/ament_index/resource_index/package_run_dependencies/warehouse_nav
[0.259s] -- Up-to-date symlink: /home/robot/word/install/warehouse_nav/share/ament_index/resource_index/parent_prefix_path/warehouse_nav
[0.260s] -- Up-to-date symlink: /home/robot/word/install/warehouse_nav/share/warehouse_nav/environment/ament_prefix_path.sh
[0.260s] -- Up-to-date symlink: /home/robot/word/install/warehouse_nav/share/warehouse_nav/environment/ament_prefix_path.dsv
[0.260s] -- Up-to-date symlink: /home/robot/word/install/warehouse_nav/share/warehouse_nav/environment/path.sh
[0.261s] -- Up-to-date symlink: /home/robot/word/install/warehouse_nav/share/warehouse_nav/environment/path.dsv
[0.261s] -- Up-to-date symlink: /home/robot/word/install/warehouse_nav/share/warehouse_nav/local_setup.bash
[0.262s] -- Up-to-date symlink: /home/robot/word/install/warehouse_nav/share/warehouse_nav/local_setup.sh
[0.262s] -- Up-to-date symlink: /home/robot/word/install/warehouse_nav/share/warehouse_nav/local_setup.zsh
[0.262s] -- Up-to-date symlink: /home/robot/word/install/warehouse_nav/share/warehouse_nav/local_setup.dsv
[0.262s] -- Symlinking: /home/robot/word/install/warehouse_nav/share/warehouse_nav/package.dsv
[0.272s] -- Up-to-date symlink: /home/robot/word/install/warehouse_nav/share/ament_index/resource_index/packages/warehouse_nav
[0.272s] -- Up-to-date symlink: /home/robot/word/install/warehouse_nav/share/warehouse_nav/cmake/warehouse_navConfig.cmake
[0.273s] -- Up-to-date symlink: /home/robot/word/install/warehouse_nav/share/warehouse_nav/cmake/warehouse_navConfig-version.cmake
[0.273s] -- Up-to-date symlink: /home/robot/word/install/warehouse_nav/share/warehouse_nav/package.xml
[0.275s] Invoked command in '/home/robot/word/build/warehouse_nav' returned '0': CMAKE_PREFIX_PATH=/opt/ros/humble /usr/bin/cmake --install /home/robot/word/build/warehouse_nav
