[0.008s] Invoking command in '/home/robot/word/build/warehouse_gazebo': CMAKE_PREFIX_PATH=/opt/ros/humble /usr/bin/cmake /home/robot/word/src/warehouse_gazebo -DAMENT_CMAKE_SYMLINK_INSTALL=1 -DCMAKE_INSTALL_PREFIX=/home/robot/word/install/warehouse_gazebo
[0.052s] -- Found ament_cmake: 1.3.14 (/opt/ros/humble/share/ament_cmake/cmake)
[0.139s] -- Override CMake install command with custom implementation using symlinks instead of copying resources
[0.162s] -- Found ament_lint_auto: 0.12.15 (/opt/ros/humble/share/ament_lint_auto/cmake)
[0.225s] -- Added test 'lint_cmake' to check CMake code style
[0.226s] -- Added test 'xmllint' to check XML markup files
[0.228s] -- Configuring done
[0.234s] -- Generating done
[0.236s] -- Build files have been written to: /home/robot/word/build/warehouse_gazebo
[0.243s] Invoked command in '/home/robot/word/build/warehouse_gazebo' returned '0': CMAKE_PREFIX_PATH=/opt/ros/humble /usr/bin/cmake /home/robot/word/src/warehouse_gazebo -DAMENT_CMAKE_SYMLINK_INSTALL=1 -DCMAKE_INSTALL_PREFIX=/home/robot/word/install/warehouse_gazebo
[0.244s] Invoking command in '/home/robot/word/build/warehouse_gazebo': CMAKE_PREFIX_PATH=/opt/ros/humble /usr/bin/cmake --build /home/robot/word/build/warehouse_gazebo -- -j2 -l2
[0.280s] Invoked command in '/home/robot/word/build/warehouse_gazebo' returned '0': CMAKE_PREFIX_PATH=/opt/ros/humble /usr/bin/cmake --build /home/robot/word/build/warehouse_gazebo -- -j2 -l2
[0.289s] Invoking command in '/home/robot/word/build/warehouse_gazebo': CMAKE_PREFIX_PATH=/opt/ros/humble /usr/bin/cmake --install /home/robot/word/build/warehouse_gazebo
[0.295s] -- Install configuration: ""
[0.296s] -- Execute custom install script
[0.296s] -- Symlinking: /home/robot/word/install/warehouse_gazebo/share/ament_index/resource_index/package_run_dependencies/warehouse_gazebo
[0.303s] -- Symlinking: /home/robot/word/install/warehouse_gazebo/share/ament_index/resource_index/parent_prefix_path/warehouse_gazebo
[0.311s] -- Symlinking: /home/robot/word/install/warehouse_gazebo/share/warehouse_gazebo/environment/ament_prefix_path.sh
[0.318s] -- Symlinking: /home/robot/word/install/warehouse_gazebo/share/warehouse_gazebo/environment/ament_prefix_path.dsv
[0.326s] -- Symlinking: /home/robot/word/install/warehouse_gazebo/share/warehouse_gazebo/environment/path.sh
[0.334s] -- Symlinking: /home/robot/word/install/warehouse_gazebo/share/warehouse_gazebo/environment/path.dsv
[0.342s] -- Symlinking: /home/robot/word/install/warehouse_gazebo/share/warehouse_gazebo/local_setup.bash
[0.351s] -- Symlinking: /home/robot/word/install/warehouse_gazebo/share/warehouse_gazebo/local_setup.sh
[0.359s] -- Symlinking: /home/robot/word/install/warehouse_gazebo/share/warehouse_gazebo/local_setup.zsh
[0.368s] -- Symlinking: /home/robot/word/install/warehouse_gazebo/share/warehouse_gazebo/local_setup.dsv
[0.377s] -- Symlinking: /home/robot/word/install/warehouse_gazebo/share/warehouse_gazebo/package.dsv
[0.385s] -- Symlinking: /home/robot/word/install/warehouse_gazebo/share/ament_index/resource_index/packages/warehouse_gazebo
[0.394s] -- Symlinking: /home/robot/word/install/warehouse_gazebo/share/warehouse_gazebo/cmake/warehouse_gazeboConfig.cmake
[0.402s] -- Symlinking: /home/robot/word/install/warehouse_gazebo/share/warehouse_gazebo/cmake/warehouse_gazeboConfig-version.cmake
[0.410s] -- Symlinking: /home/robot/word/install/warehouse_gazebo/share/warehouse_gazebo/package.xml
[0.421s] Invoked command in '/home/robot/word/build/warehouse_gazebo' returned '0': CMAKE_PREFIX_PATH=/opt/ros/humble /usr/bin/cmake --install /home/robot/word/build/warehouse_gazebo
