[0.151s] Invoking command in '/home/robot/word/build/warehouse_description': CMAKE_PREFIX_PATH=/opt/ros/humble /usr/bin/cmake /home/robot/word/src/warehouse_description -DCMAKE_INSTALL_PREFIX=/home/robot/word/install/warehouse_description
[0.191s] -- The C compiler identification is GNU 11.4.0
[0.229s] -- The CXX compiler identification is GNU 11.4.0
[0.234s] -- Detecting C compiler ABI info
[0.290s] -- Detecting C compiler ABI info - done
[0.294s] -- Check for working C compiler: /usr/bin/cc - skipped
[0.295s] -- Detecting C compile features
[0.295s] -- Detecting C compile features - done
[0.297s] -- Detecting CXX compiler ABI info
[0.364s] -- Detecting CXX compiler ABI info - done
[0.367s] -- Check for working CXX compiler: /usr/bin/c++ - skipped
[0.368s] -- Detecting CXX compile features
[0.368s] -- Detecting CXX compile features - done
[0.370s] -- Found ament_cmake: 1.3.14 (/opt/ros/humble/share/ament_cmake/cmake)
[0.478s] -- Found Python3: /usr/bin/python3 (found version "3.10.12") found components: Interpreter 
[0.542s] -- Found ament_lint_auto: 0.12.15 (/opt/ros/humble/share/ament_lint_auto/cmake)
[0.586s] -- Added test 'lint_cmake' to check CMake code style
[0.587s] -- Added test 'xmllint' to check XML markup files
[0.587s] -- Configuring done
[0.590s] -- Generating done
[0.591s] -- Build files have been written to: /home/robot/word/build/warehouse_description
[0.595s] Invoked command in '/home/robot/word/build/warehouse_description' returned '0': CMAKE_PREFIX_PATH=/opt/ros/humble /usr/bin/cmake /home/robot/word/src/warehouse_description -DCMAKE_INSTALL_PREFIX=/home/robot/word/install/warehouse_description
[0.595s] Invoking command in '/home/robot/word/build/warehouse_description': CMAKE_PREFIX_PATH=/opt/ros/humble /usr/bin/cmake --build /home/robot/word/build/warehouse_description -- -j2 -l2
[0.629s] Invoked command in '/home/robot/word/build/warehouse_description' returned '0': CMAKE_PREFIX_PATH=/opt/ros/humble /usr/bin/cmake --build /home/robot/word/build/warehouse_description -- -j2 -l2
[0.642s] Invoking command in '/home/robot/word/build/warehouse_description': CMAKE_PREFIX_PATH=/opt/ros/humble /usr/bin/cmake --install /home/robot/word/build/warehouse_description
[0.645s] -- Install configuration: ""
[0.645s] -- Installing: /home/robot/word/install/warehouse_description/share/ament_index/resource_index/package_run_dependencies/warehouse_description
[0.645s] -- Installing: /home/robot/word/install/warehouse_description/share/ament_index/resource_index/parent_prefix_path/warehouse_description
[0.645s] -- Installing: /home/robot/word/install/warehouse_description/share/warehouse_description/environment/ament_prefix_path.sh
[0.645s] -- Installing: /home/robot/word/install/warehouse_description/share/warehouse_description/environment/ament_prefix_path.dsv
[0.645s] -- Installing: /home/robot/word/install/warehouse_description/share/warehouse_description/environment/path.sh
[0.646s] -- Installing: /home/robot/word/install/warehouse_description/share/warehouse_description/environment/path.dsv
[0.646s] -- Installing: /home/robot/word/install/warehouse_description/share/warehouse_description/local_setup.bash
[0.646s] -- Installing: /home/robot/word/install/warehouse_description/share/warehouse_description/local_setup.sh
[0.646s] -- Installing: /home/robot/word/install/warehouse_description/share/warehouse_description/local_setup.zsh
[0.646s] -- Installing: /home/robot/word/install/warehouse_description/share/warehouse_description/local_setup.dsv
[0.646s] -- Installing: /home/robot/word/install/warehouse_description/share/warehouse_description/package.dsv
[0.646s] -- Installing: /home/robot/word/install/warehouse_description/share/ament_index/resource_index/packages/warehouse_description
[0.649s] -- Installing: /home/robot/word/install/warehouse_description/share/warehouse_description/cmake/warehouse_descriptionConfig.cmake
[0.649s] -- Installing: /home/robot/word/install/warehouse_description/share/warehouse_description/cmake/warehouse_descriptionConfig-version.cmake
[0.649s] -- Installing: /home/robot/word/install/warehouse_description/share/warehouse_description/package.xml
[0.650s] Invoked command in '/home/robot/word/build/warehouse_description' returned '0': CMAKE_PREFIX_PATH=/opt/ros/humble /usr/bin/cmake --install /home/robot/word/build/warehouse_description
