[0.005s] Invoking command in '/home/robot/word/build/warehouse_gazebo': CMAKE_PREFIX_PATH=/opt/ros/humble /usr/bin/cmake /home/robot/word/src/warehouse_gazebo -DCMAKE_INSTALL_PREFIX=/home/robot/word/install/warehouse_gazebo
[0.052s] -- The C compiler identification is GNU 11.4.0
[0.099s] -- The CXX compiler identification is GNU 11.4.0
[0.106s] -- Detecting C compiler ABI info
[0.160s] -- Detecting C compiler ABI info - done
[0.166s] -- Check for working C compiler: /usr/bin/cc - skipped
[0.166s] -- Detecting C compile features
[0.166s] -- Detecting C compile features - done
[0.169s] -- Detecting CXX compiler ABI info
[0.245s] -- Detecting CXX compiler ABI info - done
[0.249s] -- Check for working CXX compiler: /usr/bin/c++ - skipped
[0.250s] -- Detecting CXX compile features
[0.250s] -- Detecting CXX compile features - done
[0.251s] -- Found ament_cmake: 1.3.14 (/opt/ros/humble/share/ament_cmake/cmake)
[0.359s] -- Found Python3: /usr/bin/python3 (found version "3.10.12") found components: Interpreter 
[0.420s] -- Found ament_lint_auto: 0.12.15 (/opt/ros/humble/share/ament_lint_auto/cmake)
[0.476s] -- Added test 'lint_cmake' to check CMake code style
[0.477s] -- Added test 'xmllint' to check XML markup files
[0.479s] -- Configuring done
[0.481s] -- Generating done
[0.483s] -- Build files have been written to: /home/robot/word/build/warehouse_gazebo
[0.492s] Invoked command in '/home/robot/word/build/warehouse_gazebo' returned '0': CMAKE_PREFIX_PATH=/opt/ros/humble /usr/bin/cmake /home/robot/word/src/warehouse_gazebo -DCMAKE_INSTALL_PREFIX=/home/robot/word/install/warehouse_gazebo
[0.493s] Invoking command in '/home/robot/word/build/warehouse_gazebo': CMAKE_PREFIX_PATH=/opt/ros/humble /usr/bin/cmake --build /home/robot/word/build/warehouse_gazebo -- -j2 -l2
[0.527s] Invoked command in '/home/robot/word/build/warehouse_gazebo' returned '0': CMAKE_PREFIX_PATH=/opt/ros/humble /usr/bin/cmake --build /home/robot/word/build/warehouse_gazebo -- -j2 -l2
[0.527s] Invoking command in '/home/robot/word/build/warehouse_gazebo': CMAKE_PREFIX_PATH=/opt/ros/humble /usr/bin/cmake --install /home/robot/word/build/warehouse_gazebo
[0.533s] -- Install configuration: ""
[0.533s] -- Installing: /home/robot/word/install/warehouse_gazebo/share/ament_index/resource_index/package_run_dependencies/warehouse_gazebo
[0.534s] -- Installing: /home/robot/word/install/warehouse_gazebo/share/ament_index/resource_index/parent_prefix_path/warehouse_gazebo
[0.534s] -- Installing: /home/robot/word/install/warehouse_gazebo/share/warehouse_gazebo/environment/ament_prefix_path.sh
[0.534s] -- Installing: /home/robot/word/install/warehouse_gazebo/share/warehouse_gazebo/environment/ament_prefix_path.dsv
[0.534s] -- Installing: /home/robot/word/install/warehouse_gazebo/share/warehouse_gazebo/environment/path.sh
[0.535s] -- Installing: /home/robot/word/install/warehouse_gazebo/share/warehouse_gazebo/environment/path.dsv
[0.535s] -- Installing: /home/robot/word/install/warehouse_gazebo/share/warehouse_gazebo/local_setup.bash
[0.535s] -- Installing: /home/robot/word/install/warehouse_gazebo/share/warehouse_gazebo/local_setup.sh
[0.535s] -- Installing: /home/robot/word/install/warehouse_gazebo/share/warehouse_gazebo/local_setup.zsh
[0.536s] -- Installing: /home/robot/word/install/warehouse_gazebo/share/warehouse_gazebo/local_setup.dsv
[0.536s] -- Installing: /home/robot/word/install/warehouse_gazebo/share/warehouse_gazebo/package.dsv
[0.536s] -- Installing: /home/robot/word/install/warehouse_gazebo/share/ament_index/resource_index/packages/warehouse_gazebo
[0.536s] -- Installing: /home/robot/word/install/warehouse_gazebo/share/warehouse_gazebo/cmake/warehouse_gazeboConfig.cmake
[0.537s] -- Installing: /home/robot/word/install/warehouse_gazebo/share/warehouse_gazebo/cmake/warehouse_gazeboConfig-version.cmake
[0.537s] -- Installing: /home/robot/word/install/warehouse_gazebo/share/warehouse_gazebo/package.xml
[0.538s] Invoked command in '/home/robot/word/build/warehouse_gazebo' returned '0': CMAKE_PREFIX_PATH=/opt/ros/humble /usr/bin/cmake --install /home/robot/word/build/warehouse_gazebo
