[0.018s] Invoking command in '/home/robot/word/build/warehouse_description': CMAKE_PREFIX_PATH=/opt/ros/humble /usr/bin/cmake /home/robot/word/src/warehouse_description -DAMENT_CMAKE_SYMLINK_INSTALL=1 -DCMAKE_INSTALL_PREFIX=/home/robot/word/install/warehouse_description
[0.066s] -- Found ament_cmake: 1.3.14 (/opt/ros/humble/share/ament_cmake/cmake)
[0.152s] -- Override CMake install command with custom implementation using symlinks instead of copying resources
[0.181s] -- Found xacro: 2.1.1 (/opt/ros/humble/share/xacro/cmake)
[0.183s] -- Found robot_state_publisher: 3.0.3 (/opt/ros/humble/share/robot_state_publisher/cmake)
[0.243s] -- Found rosidl_generator_c: 3.1.9 (/opt/ros/humble/share/rosidl_generator_c/cmake)
[0.256s] -- Found rosidl_adapter: 3.1.9 (/opt/ros/humble/share/rosidl_adapter/cmake)
[0.268s] -- Found rosidl_generator_cpp: 3.1.9 (/opt/ros/humble/share/rosidl_generator_cpp/cmake)
[0.293s] -- Using all available rosidl_typesupport_c: rosidl_typesupport_fastrtps_c;rosidl_typesupport_introspection_c
[0.315s] -- Using all available rosidl_typesupport_cpp: rosidl_typesupport_fastrtps_cpp;rosidl_typesupport_introspection_cpp
[0.395s] -- Found eigen3_cmake_module: 0.1.1 (/opt/ros/humble/share/eigen3_cmake_module/cmake)
[0.397s] -- Found Eigen3: TRUE (found version "3.4.0") 
[0.397s] -- Ensuring Eigen3 include directory is part of orocos-kdl CMake target
[0.463s] -- Found rmw_implementation_cmake: 6.1.3 (/opt/ros/humble/share/rmw_implementation_cmake/cmake)
[0.467s] -- Found rmw_fastrtps_cpp: 6.2.10 (/opt/ros/humble/share/rmw_fastrtps_cpp/cmake)
[0.557s] -- Found OpenSSL: /usr/lib/x86_64-linux-gnu/libcrypto.so (found version "3.0.2")  
[0.584s] -- Found FastRTPS: /opt/ros/humble/include  
[0.623s] -- Using RMW implementation 'rmw_fastrtps_cpp' as default
[0.633s] -- Looking for pthread.h
[0.776s] -- Looking for pthread.h - found
[0.777s] -- Performing Test CMAKE_HAVE_LIBC_PTHREAD
[0.852s] -- Performing Test CMAKE_HAVE_LIBC_PTHREAD - Success
[0.853s] -- Found Threads: TRUE  
[1.081s] [31mCMake Error at CMakeLists.txt:17 (find_package):
[1.082s]   By not providing "Findjoint_state_publisher_gui.cmake" in CMAKE_MODULE_PATH
[1.082s]   this project has asked CMake to find a package configuration file provided
[1.082s]   by "joint_state_publisher_gui", but CMake did not find one.
[1.084s] 
[1.084s]   Could not find a package configuration file provided by
[1.084s]   "joint_state_publisher_gui" with any of the following names:
[1.084s] 
[1.084s]     joint_state_publisher_guiConfig.cmake
[1.084s]     joint_state_publisher_gui-config.cmake
[1.084s] 
[1.084s]   Add the installation prefix of "joint_state_publisher_gui" to
[1.084s]   CMAKE_PREFIX_PATH or set "joint_state_publisher_gui_DIR" to a directory
[1.084s]   containing one of the above files.  If "joint_state_publisher_gui" provides
[1.084s]   a separate development package or SDK, be sure it has been installed.
[1.084s] 
[1.085s] [0m
[1.085s] -- Configuring incomplete, errors occurred!
[1.085s] See also "/home/robot/word/build/warehouse_description/CMakeFiles/CMakeOutput.log".
[1.091s] Invoked command in '/home/robot/word/build/warehouse_description' returned '1': CMAKE_PREFIX_PATH=/opt/ros/humble /usr/bin/cmake /home/robot/word/src/warehouse_description -DAMENT_CMAKE_SYMLINK_INSTALL=1 -DCMAKE_INSTALL_PREFIX=/home/robot/word/install/warehouse_description
