[0.006s] Invoking command in '/home/robot/word/build/warehouse_description': CMAKE_PREFIX_PATH=/opt/ros/humble /usr/bin/cmake /home/robot/word/src/warehouse_description -DAMENT_CMAKE_SYMLINK_INSTALL=1 -DCMAKE_INSTALL_PREFIX=/home/robot/word/install/warehouse_description
[0.017s] -- Found ament_cmake: 1.3.14 (/opt/ros/humble/share/ament_cmake/cmake)
[0.108s] -- Override CMake install command with custom implementation using symlinks instead of copying resources
[0.114s] -- Found xacro: 2.1.1 (/opt/ros/humble/share/xacro/cmake)
[0.117s] -- Found robot_state_publisher: 3.0.3 (/opt/ros/humble/share/robot_state_publisher/cmake)
[0.133s] -- Found rosidl_generator_c: 3.1.9 (/opt/ros/humble/share/rosidl_generator_c/cmake)
[0.135s] -- Found rosidl_adapter: 3.1.9 (/opt/ros/humble/share/rosidl_adapter/cmake)
[0.142s] -- Found rosidl_generator_cpp: 3.1.9 (/opt/ros/humble/share/rosidl_generator_cpp/cmake)
[0.147s] -- Using all available rosidl_typesupport_c: rosidl_typesupport_fastrtps_c;rosidl_typesupport_introspection_c
[0.155s] -- Using all available rosidl_typesupport_cpp: rosidl_typesupport_fastrtps_cpp;rosidl_typesupport_introspection_cpp
[0.184s] -- Found eigen3_cmake_module: 0.1.1 (/opt/ros/humble/share/eigen3_cmake_module/cmake)
[0.185s] -- Ensuring Eigen3 include directory is part of orocos-kdl CMake target
[0.205s] -- Found rmw_implementation_cmake: 6.1.3 (/opt/ros/humble/share/rmw_implementation_cmake/cmake)
[0.205s] -- Found rmw_fastrtps_cpp: 6.2.10 (/opt/ros/humble/share/rmw_fastrtps_cpp/cmake)
[0.288s] -- Using RMW implementation 'rmw_fastrtps_cpp' as default
[0.437s] -- Found ament_lint_auto: 0.12.15 (/opt/ros/humble/share/ament_lint_auto/cmake)
[0.437s] [31mCMake Error at /opt/ros/humble/share/ament_lint_auto/cmake/ament_lint_auto-extras.cmake:18 (message):
[0.438s]   find_package(ament_lint_auto) must be called before ament_package()
[0.438s] Call Stack (most recent call first):
[0.438s]   /opt/ros/humble/share/ament_lint_auto/cmake/ament_lint_autoConfig.cmake:41 (include)
[0.438s]   CMakeLists.txt:27 (find_package)
[0.438s] 
[0.438s] [0m
[0.438s] -- Configuring incomplete, errors occurred!
[0.438s] See also "/home/robot/word/build/warehouse_description/CMakeFiles/CMakeOutput.log".
[0.446s] Invoked command in '/home/robot/word/build/warehouse_description' returned '1': CMAKE_PREFIX_PATH=/opt/ros/humble /usr/bin/cmake /home/robot/word/src/warehouse_description -DAMENT_CMAKE_SYMLINK_INSTALL=1 -DCMAKE_INSTALL_PREFIX=/home/robot/word/install/warehouse_description
